2026-03-28T15:50:56.443+05:30  WARN 11628 --- [Health_Gov] [HikariPool-1:housekeeper] com.zaxxer.hikari.pool.HikariPool        : HikariPool-1 - Thread starvation or clock leap detected (housekeeper delta=20h17m49s399ms579µs600ns).
2026-03-28T16:26:41.227+05:30  INFO 11628 --- [Health_Gov] [RMI TCP Connection(113)-127.0.0.1] inMXBeanRegistrar$SpringApplicationAdmin : Application shutdown requested.
2026-03-28T16:26:41.246+05:30  INFO 11628 --- [Health_Gov] [RMI TCP Connection(113)-127.0.0.1] o.s.boot.tomcat.GracefulShutdown         : Commencing graceful shutdown. Waiting for active requests to complete
2026-03-28T16:26:41.288+05:30  INFO 11628 --- [Health_Gov] [tomcat-shutdown] o.s.boot.tomcat.GracefulShutdown         : Graceful shutdown complete
2026-03-28T16:26:41.320+05:30  INFO 11628 --- [Health_Gov] [RMI TCP Connection(113)-127.0.0.1] j.LocalContainerEntityManagerFactoryBean : Closing JPA EntityManagerFactory for persistence unit 'default'
2026-03-28T16:26:41.348+05:30  INFO 11628 --- [Health_Gov] [RMI TCP Connection(113)-127.0.0.1] com.zaxxer.hikari.HikariDataSource       : HikariPool-1 - Shutdown initiated...
2026-03-28T16:26:41.362+05:30  INFO 11628 --- [Health_Gov] [RMI TCP Connection(113)-127.0.0.1] com.zaxxer.hikari.HikariDataSource       : HikariPool-1 - Shutdown completed.
2026-03-28T16:26:54.491+05:30  INFO 21956 --- [Health_Gov] [restartedMain] com.healthgov.HealthGovApplication       : Starting HealthGovApplication using Java 21.0.8 with PID 21956 (C:\Users\2481285\Desktop\Java_FSE_Project\Project-HealthGov---National-Public-Health-Research-Governance-System\target\classes started by 2481285 in C:\Users\2481285\Desktop\Java_FSE_Project\Project-HealthGov---National-Public-Health-Research-Governance-System)
2026-03-28T16:26:54.508+05:30  INFO 21956 --- [Health_Gov] [restartedMain] com.healthgov.HealthGovApplication       : No active profile set, falling back to 1 default profile: "default"
2026-03-28T16:26:54.729+05:30  INFO 21956 --- [Health_Gov] [restartedMain] .e.DevToolsPropertyDefaultsPostProcessor : Devtools property defaults active! Set 'spring.devtools.add-properties' to 'false' to disable
2026-03-28T16:26:54.729+05:30  INFO 21956 --- [Health_Gov] [restartedMain] .e.DevToolsPropertyDefaultsPostProcessor : For additional web related logging consider setting the 'logging.level.web' property to 'DEBUG'
2026-03-28T16:27:00.634+05:30  INFO 21956 --- [Health_Gov] [restartedMain] .s.d.r.c.RepositoryConfigurationDelegate : Bootstrapping Spring Data JPA repositories in DEFAULT mode.
2026-03-28T16:27:00.928+05:30  INFO 21956 --- [Health_Gov] [restartedMain] .s.d.r.c.RepositoryConfigurationDelegate : Finished Spring Data repository scanning in 248 ms. Found 6 JPA repository interfaces.
2026-03-28T16:27:03.258+05:30  INFO 21956 --- [Health_Gov] [restartedMain] o.s.boot.tomcat.TomcatWebServer          : Tomcat initialized with port 1111 (http)
2026-03-28T16:27:03.317+05:30  INFO 21956 --- [Health_Gov] [restartedMain] o.apache.catalina.core.StandardService   : Starting service [Tomcat]
2026-03-28T16:27:03.323+05:30  INFO 21956 --- [Health_Gov] [restartedMain] o.apache.catalina.core.StandardEngine    : Starting Servlet engine: [Apache Tomcat/11.0.18]
2026-03-28T16:27:03.625+05:30  INFO 21956 --- [Health_Gov] [restartedMain] b.w.c.s.WebApplicationContextInitializer : Root WebApplicationContext: initialization completed in 8896 ms
2026-03-28T16:27:04.584+05:30  INFO 21956 --- [Health_Gov] [restartedMain] org.hibernate.orm.jpa                    : HHH008540: Processing PersistenceUnitInfo [name: default]
2026-03-28T16:27:04.855+05:30  INFO 21956 --- [Health_Gov] [restartedMain] org.hibernate.orm.core                   : HHH000001: Hibernate ORM core version 7.2.4.Final
2026-03-28T16:27:06.734+05:30  INFO 21956 --- [Health_Gov] [restartedMain] o.s.o.j.p.SpringPersistenceUnitInfo      : No LoadTimeWeaver setup: ignoring JPA class transformer
2026-03-28T16:27:06.872+05:30  INFO 21956 --- [Health_Gov] [restartedMain] com.zaxxer.hikari.HikariDataSource       : HikariPool-1 - Starting...
2026-03-28T16:27:08.162+05:30  INFO 21956 --- [Health_Gov] [restartedMain] com.zaxxer.hikari.pool.HikariPool        : HikariPool-1 - Added connection com.mysql.cj.jdbc.ConnectionImpl@763c2d8a
2026-03-28T16:27:08.168+05:30  INFO 21956 --- [Health_Gov] [restartedMain] com.zaxxer.hikari.HikariDataSource       : HikariPool-1 - Start completed.
2026-03-28T16:27:08.482+05:30  WARN 21956 --- [Health_Gov] [restartedMain] org.hibernate.orm.deprecation            : HHH90000025: MySQLDialect does not need to be specified explicitly using 'hibernate.dialect' (remove the property setting and it will be selected by default)
2026-03-28T16:27:08.591+05:30  INFO 21956 --- [Health_Gov] [restartedMain] org.hibernate.orm.connections.pooling    : HHH10001005: Database info:
	Database JDBC URL [jdbc:mysql://localhost:3306/healthgov_db]
	Database driver: MySQL Connector/J
	Database dialect: MySQLDialect
	Database version: 8.0.44
	Default catalog/schema: healthgov_db/undefined
	Autocommit mode: undefined/unknown
	Isolation level: REPEATABLE_READ [default REPEATABLE_READ]
	JDBC fetch size: none
	Pool: DataSourceConnectionProvider
	Minimum pool size: undefined/unknown
	Maximum pool size: undefined/unknown
2026-03-28T16:27:13.050+05:30  INFO 21956 --- [Health_Gov] [restartedMain] org.hibernate.orm.core                   : HHH000489: No JTA platform available (set 'hibernate.transaction.jta.platform' to enable JTA platform integration)
2026-03-28T16:27:15.051+05:30  INFO 21956 --- [Health_Gov] [restartedMain] j.LocalContainerEntityManagerFactoryBean : Initialized JPA EntityManagerFactory for persistence unit 'default'
2026-03-28T16:27:15.326+05:30  INFO 21956 --- [Health_Gov] [restartedMain] o.s.d.j.r.query.QueryEnhancerFactories   : Hibernate is in classpath; If applicable, HQL parser will be used.
2026-03-28T16:27:16.524+05:30  WARN 21956 --- [Health_Gov] [restartedMain] JpaBaseConfiguration$JpaWebConfiguration : spring.jpa.open-in-view is enabled by default. Therefore, database queries may be performed during view rendering. Explicitly configure spring.jpa.open-in-view to disable this warning
2026-03-28T16:27:18.950+05:30  INFO 21956 --- [Health_Gov] [restartedMain] o.s.b.a.e.web.EndpointLinksResolver      : Exposing 13 endpoints beneath base path '/actuator'
2026-03-28T16:27:19.418+05:30  INFO 21956 --- [Health_Gov] [restartedMain] o.s.boot.tomcat.TomcatWebServer          : Tomcat started on port 1111 (http) with context path '/'
2026-03-28T16:27:19.452+05:30  INFO 21956 --- [Health_Gov] [restartedMain] com.healthgov.HealthGovApplication       : Started HealthGovApplication in 26.137 seconds (process running for 28.382)
2026-03-28T16:27:19.490+05:30  WARN 21956 --- [Health_Gov] [restartedMain] o.s.core.events.SpringDocAppInitializer  : SpringDoc /v3/api-docs endpoint is enabled by default. To disable it in production, set the property 'springdoc.api-docs.enabled=false'
2026-03-28T16:27:19.494+05:30  WARN 21956 --- [Health_Gov] [restartedMain] o.s.core.events.SpringDocAppInitializer  : SpringDoc /swagger-ui.html endpoint is enabled by default. To disable it in production, set the property 'springdoc.swagger-ui.enabled=false'
2026-03-28T16:27:20.738+05:30  INFO 21956 --- [Health_Gov] [RMI TCP Connection(8)-127.0.0.1] o.a.c.c.C.[Tomcat].[localhost].[/]       : Initializing Spring DispatcherServlet 'dispatcherServlet'
2026-03-28T16:27:20.738+05:30  INFO 21956 --- [Health_Gov] [RMI TCP Connection(8)-127.0.0.1] o.s.web.servlet.DispatcherServlet        : Initializing Servlet 'dispatcherServlet'
2026-03-28T16:27:20.751+05:30  INFO 21956 --- [Health_Gov] [RMI TCP Connection(8)-127.0.0.1] o.s.web.servlet.DispatcherServlet        : Completed initialization in 13 ms
2026-03-28T16:27:50.487+05:30  INFO 21956 --- [Health_Gov] [http-nio-1111-exec-1] c.h.controller.ComplianceController      : GET /api/v1/compliance-records/PROJECT/201
2026-03-28T16:27:50.515+05:30  INFO 21956 --- [Health_Gov] [http-nio-1111-exec-1] c.h.service.ComplianceServiceImpl        : Validating the compliance type before updatring the status
2026-03-28T16:27:50.517+05:30  INFO 21956 --- [Health_Gov] [http-nio-1111-exec-1] c.h.service.ComplianceServiceImpl        : Validating the Entity ID and It's Type pair in respective table
2026-03-28T16:27:51.933+05:30  INFO 21956 --- [Health_Gov] [http-nio-1111-exec-1] c.h.service.ComplianceServiceImpl        : Executed Get Compliance Record By Id function : com.healthgov.model.ComplianceRecord@cc4d559
2026-03-28T16:31:20.104+05:30  INFO 21956 --- [Health_Gov] [File Watcher] rtingClassPathChangeChangedEventListener : Restarting due to 3 class path changes (0 additions, 0 deletions, 3 modifications)
2026-03-28T16:31:20.109+05:30  INFO 21956 --- [Health_Gov] [Thread-1] o.s.boot.tomcat.GracefulShutdown         : Commencing graceful shutdown. Waiting for active requests to complete
2026-03-28T16:31:20.127+05:30  INFO 21956 --- [Health_Gov] [tomcat-shutdown] o.s.boot.tomcat.GracefulShutdown         : Graceful shutdown complete
2026-03-28T16:31:20.133+05:30  INFO 21956 --- [Health_Gov] [Thread-1] j.LocalContainerEntityManagerFactoryBean : Closing JPA EntityManagerFactory for persistence unit 'default'
2026-03-28T16:31:20.139+05:30  INFO 21956 --- [Health_Gov] [Thread-1] com.zaxxer.hikari.HikariDataSource       : HikariPool-1 - Shutdown initiated...
2026-03-28T16:31:20.149+05:30  INFO 21956 --- [Health_Gov] [Thread-1] com.zaxxer.hikari.HikariDataSource       : HikariPool-1 - Shutdown completed.
2026-03-28T16:31:20.282+05:30  INFO 21956 --- [Health_Gov] [restartedMain] com.healthgov.HealthGovApplication       : Starting HealthGovApplication using Java 21.0.8 with PID 21956 (C:\Users\2481285\Desktop\Java_FSE_Project\Project-HealthGov---National-Public-Health-Research-Governance-System\target\classes started by 2481285 in C:\Users\2481285\Desktop\Java_FSE_Project\Project-HealthGov---National-Public-Health-Research-Governance-System)
2026-03-28T16:31:20.282+05:30  INFO 21956 --- [Health_Gov] [restartedMain] com.healthgov.HealthGovApplication       : No active profile set, falling back to 1 default profile: "default"
2026-03-28T16:31:20.680+05:30  INFO 21956 --- [Health_Gov] [restartedMain] .s.d.r.c.RepositoryConfigurationDelegate : Bootstrapping Spring Data JPA repositories in DEFAULT mode.
2026-03-28T16:31:20.717+05:30  INFO 21956 --- [Health_Gov] [restartedMain] .s.d.r.c.RepositoryConfigurationDelegate : Finished Spring Data repository scanning in 35 ms. Found 6 JPA repository interfaces.
2026-03-28T16:31:20.874+05:30  INFO 21956 --- [Health_Gov] [restartedMain] o.s.boot.tomcat.TomcatWebServer          : Tomcat initialized with port 1111 (http)
2026-03-28T16:31:20.875+05:30  INFO 21956 --- [Health_Gov] [restartedMain] o.apache.catalina.core.StandardService   : Starting service [Tomcat]
2026-03-28T16:31:20.875+05:30  INFO 21956 --- [Health_Gov] [restartedMain] o.apache.catalina.core.StandardEngine    : Starting Servlet engine: [Apache Tomcat/11.0.18]
2026-03-28T16:31:20.910+05:30  INFO 21956 --- [Health_Gov] [restartedMain] b.w.c.s.WebApplicationContextInitializer : Root WebApplicationContext: initialization completed in 622 ms
2026-03-28T16:31:20.973+05:30  INFO 21956 --- [Health_Gov] [restartedMain] org.hibernate.orm.jpa                    : HHH008540: Processing PersistenceUnitInfo [name: default]
2026-03-28T16:31:20.999+05:30  INFO 21956 --- [Health_Gov] [restartedMain] o.s.o.j.p.SpringPersistenceUnitInfo      : No LoadTimeWeaver setup: ignoring JPA class transformer
2026-03-28T16:31:21.005+05:30  INFO 21956 --- [Health_Gov] [restartedMain] com.zaxxer.hikari.HikariDataSource       : HikariPool-2 - Starting...
2026-03-28T16:31:21.050+05:30  INFO 21956 --- [Health_Gov] [restartedMain] com.zaxxer.hikari.pool.HikariPool        : HikariPool-2 - Added connection com.mysql.cj.jdbc.ConnectionImpl@1162f73
2026-03-28T16:31:21.051+05:30  INFO 21956 --- [Health_Gov] [restartedMain] com.zaxxer.hikari.HikariDataSource       : HikariPool-2 - Start completed.
2026-03-28T16:31:21.053+05:30  WARN 21956 --- [Health_Gov] [restartedMain] org.hibernate.orm.deprecation            : HHH90000025: MySQLDialect does not need to be specified explicitly using 'hibernate.dialect' (remove the property setting and it will be selected by default)
2026-03-28T16:31:21.054+05:30  INFO 21956 --- [Health_Gov] [restartedMain] org.hibernate.orm.connections.pooling    : HHH10001005: Database info:
	Database JDBC URL [jdbc:mysql://localhost:3306/healthgov_db]
	Database driver: MySQL Connector/J
	Database dialect: MySQLDialect
	Database version: 8.0.44
	Default catalog/schema: healthgov_db/undefined
	Autocommit mode: undefined/unknown
	Isolation level: REPEATABLE_READ [default REPEATABLE_READ]
	JDBC fetch size: none
	Pool: DataSourceConnectionProvider
	Minimum pool size: undefined/unknown
	Maximum pool size: undefined/unknown
2026-03-28T16:31:21.342+05:30  INFO 21956 --- [Health_Gov] [restartedMain] org.hibernate.orm.core                   : HHH000489: No JTA platform available (set 'hibernate.transaction.jta.platform' to enable JTA platform integration)
2026-03-28T16:31:21.466+05:30  INFO 21956 --- [Health_Gov] [restartedMain] j.LocalContainerEntityManagerFactoryBean : Initialized JPA EntityManagerFactory for persistence unit 'default'
2026-03-28T16:31:21.712+05:30  WARN 21956 --- [Health_Gov] [restartedMain] JpaBaseConfiguration$JpaWebConfiguration : spring.jpa.open-in-view is enabled by default. Therefore, database queries may be performed during view rendering. Explicitly configure spring.jpa.open-in-view to disable this warning
2026-03-28T16:31:22.047+05:30  INFO 21956 --- [Health_Gov] [restartedMain] o.s.b.a.e.web.EndpointLinksResolver      : Exposing 13 endpoints beneath base path '/actuator'
2026-03-28T16:31:22.106+05:30  INFO 21956 --- [Health_Gov] [restartedMain] o.s.boot.tomcat.TomcatWebServer          : Tomcat started on port 1111 (http) with context path '/'
2026-03-28T16:31:22.115+05:30  INFO 21956 --- [Health_Gov] [restartedMain] com.healthgov.HealthGovApplication       : Started HealthGovApplication in 1.873 seconds (process running for 271.038)
2026-03-28T16:31:22.118+05:30  WARN 21956 --- [Health_Gov] [restartedMain] o.s.core.events.SpringDocAppInitializer  : SpringDoc /v3/api-docs endpoint is enabled by default. To disable it in production, set the property 'springdoc.api-docs.enabled=false'
2026-03-28T16:31:22.118+05:30  WARN 21956 --- [Health_Gov] [restartedMain] o.s.core.events.SpringDocAppInitializer  : SpringDoc /swagger-ui.html endpoint is enabled by default. To disable it in production, set the property 'springdoc.swagger-ui.enabled=false'
2026-03-28T16:31:22.120+05:30  INFO 21956 --- [Health_Gov] [restartedMain] .ConditionEvaluationDeltaLoggingListener : Condition evaluation unchanged
2026-03-28T16:31:27.586+05:30  INFO 21956 --- [Health_Gov] [File Watcher] rtingClassPathChangeChangedEventListener : Restarting due to 1 class path change (0 additions, 0 deletions, 1 modification)
2026-03-28T16:31:27.588+05:30  INFO 21956 --- [Health_Gov] [Thread-5] o.s.boot.tomcat.GracefulShutdown         : Commencing graceful shutdown. Waiting for active requests to complete
2026-03-28T16:31:27.604+05:30  INFO 21956 --- [Health_Gov] [tomcat-shutdown] o.s.boot.tomcat.GracefulShutdown         : Graceful shutdown complete
2026-03-28T16:31:27.612+05:30  INFO 21956 --- [Health_Gov] [Thread-5] j.LocalContainerEntityManagerFactoryBean : Closing JPA EntityManagerFactory for persistence unit 'default'
2026-03-28T16:31:27.614+05:30  INFO 21956 --- [Health_Gov] [Thread-5] com.zaxxer.hikari.HikariDataSource       : HikariPool-2 - Shutdown initiated...
2026-03-28T16:31:27.624+05:30  INFO 21956 --- [Health_Gov] [Thread-5] com.zaxxer.hikari.HikariDataSource       : HikariPool-2 - Shutdown completed.
2026-03-28T16:31:27.768+05:30  INFO 21956 --- [Health_Gov] [restartedMain] com.healthgov.HealthGovApplication       : Starting HealthGovApplication using Java 21.0.8 with PID 21956 (C:\Users\2481285\Desktop\Java_FSE_Project\Project-HealthGov---National-Public-Health-Research-Governance-System\target\classes started by 2481285 in C:\Users\2481285\Desktop\Java_FSE_Project\Project-HealthGov---National-Public-Health-Research-Governance-System)
2026-03-28T16:31:27.768+05:30  INFO 21956 --- [Health_Gov] [restartedMain] com.healthgov.HealthGovApplication       : No active profile set, falling back to 1 default profile: "default"
2026-03-28T16:31:28.406+05:30  INFO 21956 --- [Health_Gov] [restartedMain] .s.d.r.c.RepositoryConfigurationDelegate : Bootstrapping Spring Data JPA repositories in DEFAULT mode.
2026-03-28T16:31:28.507+05:30  INFO 21956 --- [Health_Gov] [restartedMain] .s.d.r.c.RepositoryConfigurationDelegate : Finished Spring Data repository scanning in 89 ms. Found 6 JPA repository interfaces.
2026-03-28T16:31:28.799+05:30  INFO 21956 --- [Health_Gov] [restartedMain] o.s.boot.tomcat.TomcatWebServer          : Tomcat initialized with port 1111 (http)
2026-03-28T16:31:28.800+05:30  INFO 21956 --- [Health_Gov] [restartedMain] o.apache.catalina.core.StandardService   : Starting service [Tomcat]
2026-03-28T16:31:28.800+05:30  INFO 21956 --- [Health_Gov] [restartedMain] o.apache.catalina.core.StandardEngine    : Starting Servlet engine: [Apache Tomcat/11.0.18]
2026-03-28T16:31:28.852+05:30  INFO 21956 --- [Health_Gov] [restartedMain] b.w.c.s.WebApplicationContextInitializer : Root WebApplicationContext: initialization completed in 1076 ms
2026-03-28T16:31:28.941+05:30  INFO 21956 --- [Health_Gov] [restartedMain] org.hibernate.orm.jpa                    : HHH008540: Processing PersistenceUnitInfo [name: default]
2026-03-28T16:31:28.964+05:30  INFO 21956 --- [Health_Gov] [restartedMain] o.s.o.j.p.SpringPersistenceUnitInfo      : No LoadTimeWeaver setup: ignoring JPA class transformer
2026-03-28T16:31:28.964+05:30  INFO 21956 --- [Health_Gov] [restartedMain] com.zaxxer.hikari.HikariDataSource       : HikariPool-3 - Starting...
2026-03-28T16:31:28.982+05:30  INFO 21956 --- [Health_Gov] [restartedMain] com.zaxxer.hikari.pool.HikariPool        : HikariPool-3 - Added connection com.mysql.cj.jdbc.ConnectionImpl@60a1a325
2026-03-28T16:31:28.982+05:30  INFO 21956 --- [Health_Gov] [restartedMain] com.zaxxer.hikari.HikariDataSource       : HikariPool-3 - Start completed.
2026-03-28T16:31:28.984+05:30  WARN 21956 --- [Health_Gov] [restartedMain] org.hibernate.orm.deprecation            : HHH90000025: MySQLDialect does not need to be specified explicitly using 'hibernate.dialect' (remove the property setting and it will be selected by default)
2026-03-28T16:31:28.985+05:30  INFO 21956 --- [Health_Gov] [restartedMain] org.hibernate.orm.connections.pooling    : HHH10001005: Database info:
	Database JDBC URL [jdbc:mysql://localhost:3306/healthgov_db]
	Database driver: MySQL Connector/J
	Database dialect: MySQLDialect
	Database version: 8.0.44
	Default catalog/schema: healthgov_db/undefined
	Autocommit mode: undefined/unknown
	Isolation level: REPEATABLE_READ [default REPEATABLE_READ]
	JDBC fetch size: none
	Pool: DataSourceConnectionProvider
	Minimum pool size: undefined/unknown
	Maximum pool size: undefined/unknown
2026-03-28T16:31:29.191+05:30  INFO 21956 --- [Health_Gov] [restartedMain] org.hibernate.orm.core                   : HHH000489: No JTA platform available (set 'hibernate.transaction.jta.platform' to enable JTA platform integration)
2026-03-28T16:31:29.293+05:30  INFO 21956 --- [Health_Gov] [restartedMain] j.LocalContainerEntityManagerFactoryBean : Initialized JPA EntityManagerFactory for persistence unit 'default'
2026-03-28T16:31:29.475+05:30  WARN 21956 --- [Health_Gov] [restartedMain] JpaBaseConfiguration$JpaWebConfiguration : spring.jpa.open-in-view is enabled by default. Therefore, database queries may be performed during view rendering. Explicitly configure spring.jpa.open-in-view to disable this warning
2026-03-28T16:31:29.658+05:30  INFO 21956 --- [Health_Gov] [restartedMain] o.s.b.a.e.web.EndpointLinksResolver      : Exposing 13 endpoints beneath base path '/actuator'
2026-03-28T16:31:29.687+05:30  INFO 21956 --- [Health_Gov] [restartedMain] o.s.boot.tomcat.TomcatWebServer          : Tomcat started on port 1111 (http) with context path '/'
2026-03-28T16:31:29.692+05:30  INFO 21956 --- [Health_Gov] [restartedMain] com.healthgov.HealthGovApplication       : Started HealthGovApplication in 1.978 seconds (process running for 278.615)
2026-03-28T16:31:29.695+05:30  WARN 21956 --- [Health_Gov] [restartedMain] o.s.core.events.SpringDocAppInitializer  : SpringDoc /v3/api-docs endpoint is enabled by default. To disable it in production, set the property 'springdoc.api-docs.enabled=false'
2026-03-28T16:31:29.696+05:30  WARN 21956 --- [Health_Gov] [restartedMain] o.s.core.events.SpringDocAppInitializer  : SpringDoc /swagger-ui.html endpoint is enabled by default. To disable it in production, set the property 'springdoc.swagger-ui.enabled=false'
2026-03-28T16:31:29.698+05:30  INFO 21956 --- [Health_Gov] [restartedMain] .ConditionEvaluationDeltaLoggingListener : Condition evaluation unchanged
2026-03-28T16:35:23.213+05:30  INFO 21956 --- [Health_Gov] [File Watcher] rtingClassPathChangeChangedEventListener : Restarting due to 1 class path change (0 additions, 0 deletions, 1 modification)
2026-03-28T16:35:23.216+05:30  INFO 21956 --- [Health_Gov] [Thread-9] o.s.boot.tomcat.GracefulShutdown         : Commencing graceful shutdown. Waiting for active requests to complete
2026-03-28T16:35:23.249+05:30  INFO 21956 --- [Health_Gov] [tomcat-shutdown] o.s.boot.tomcat.GracefulShutdown         : Graceful shutdown complete
2026-03-28T16:35:23.258+05:30  INFO 21956 --- [Health_Gov] [Thread-9] j.LocalContainerEntityManagerFactoryBean : Closing JPA EntityManagerFactory for persistence unit 'default'
2026-03-28T16:35:23.260+05:30  INFO 21956 --- [Health_Gov] [Thread-9] com.zaxxer.hikari.HikariDataSource       : HikariPool-3 - Shutdown initiated...
2026-03-28T16:35:23.276+05:30  INFO 21956 --- [Health_Gov] [Thread-9] com.zaxxer.hikari.HikariDataSource       : HikariPool-3 - Shutdown completed.
2026-03-28T16:35:23.414+05:30  INFO 21956 --- [Health_Gov] [restartedMain] com.healthgov.HealthGovApplication       : Starting HealthGovApplication using Java 21.0.8 with PID 21956 (C:\Users\2481285\Desktop\Java_FSE_Project\Project-HealthGov---National-Public-Health-Research-Governance-System\target\classes started by 2481285 in C:\Users\2481285\Desktop\Java_FSE_Project\Project-HealthGov---National-Public-Health-Research-Governance-System)
2026-03-28T16:35:23.415+05:30  INFO 21956 --- [Health_Gov] [restartedMain] com.healthgov.HealthGovApplication       : No active profile set, falling back to 1 default profile: "default"
2026-03-28T16:35:23.797+05:30  INFO 21956 --- [Health_Gov] [restartedMain] .s.d.r.c.RepositoryConfigurationDelegate : Bootstrapping Spring Data JPA repositories in DEFAULT mode.
2026-03-28T16:35:23.827+05:30  INFO 21956 --- [Health_Gov] [restartedMain] .s.d.r.c.RepositoryConfigurationDelegate : Finished Spring Data repository scanning in 28 ms. Found 6 JPA repository interfaces.
2026-03-28T16:35:23.997+05:30  INFO 21956 --- [Health_Gov] [restartedMain] o.s.boot.tomcat.TomcatWebServer          : Tomcat initialized with port 1111 (http)
2026-03-28T16:35:23.999+05:30  INFO 21956 --- [Health_Gov] [restartedMain] o.apache.catalina.core.StandardService   : Starting service [Tomcat]
2026-03-28T16:35:23.999+05:30  INFO 21956 --- [Health_Gov] [restartedMain] o.apache.catalina.core.StandardEngine    : Starting Servlet engine: [Apache Tomcat/11.0.18]
2026-03-28T16:35:24.025+05:30  INFO 21956 --- [Health_Gov] [restartedMain] b.w.c.s.WebApplicationContextInitializer : Root WebApplicationContext: initialization completed in 605 ms
2026-03-28T16:35:24.139+05:30  INFO 21956 --- [Health_Gov] [restartedMain] org.hibernate.orm.jpa                    : HHH008540: Processing PersistenceUnitInfo [name: default]
2026-03-28T16:35:24.169+05:30  INFO 21956 --- [Health_Gov] [restartedMain] o.s.o.j.p.SpringPersistenceUnitInfo      : No LoadTimeWeaver setup: ignoring JPA class transformer
2026-03-28T16:35:24.170+05:30  INFO 21956 --- [Health_Gov] [restartedMain] com.zaxxer.hikari.HikariDataSource       : HikariPool-4 - Starting...
2026-03-28T16:35:24.192+05:30  INFO 21956 --- [Health_Gov] [restartedMain] com.zaxxer.hikari.pool.HikariPool        : HikariPool-4 - Added connection com.mysql.cj.jdbc.ConnectionImpl@2a4db8a6
2026-03-28T16:35:24.193+05:30  INFO 21956 --- [Health_Gov] [restartedMain] com.zaxxer.hikari.HikariDataSource       : HikariPool-4 - Start completed.
2026-03-28T16:35:24.195+05:30  WARN 21956 --- [Health_Gov] [restartedMain] org.hibernate.orm.deprecation            : HHH90000025: MySQLDialect does not need to be specified explicitly using 'hibernate.dialect' (remove the property setting and it will be selected by default)
2026-03-28T16:35:24.197+05:30  INFO 21956 --- [Health_Gov] [restartedMain] org.hibernate.orm.connections.pooling    : HHH10001005: Database info:
	Database JDBC URL [jdbc:mysql://localhost:3306/healthgov_db]
	Database driver: MySQL Connector/J
	Database dialect: MySQLDialect
	Database version: 8.0.44
	Default catalog/schema: healthgov_db/undefined
	Autocommit mode: undefined/unknown
	Isolation level: REPEATABLE_READ [default REPEATABLE_READ]
	JDBC fetch size: none
	Pool: DataSourceConnectionProvider
	Minimum pool size: undefined/unknown
	Maximum pool size: undefined/unknown
2026-03-28T16:35:24.558+05:30  INFO 21956 --- [Health_Gov] [restartedMain] org.hibernate.orm.core                   : HHH000489: No JTA platform available (set 'hibernate.transaction.jta.platform' to enable JTA platform integration)
2026-03-28T16:35:24.665+05:30  INFO 21956 --- [Health_Gov] [restartedMain] j.LocalContainerEntityManagerFactoryBean : Initialized JPA EntityManagerFactory for persistence unit 'default'
2026-03-28T16:35:24.930+05:30  WARN 21956 --- [Health_Gov] [restartedMain] JpaBaseConfiguration$JpaWebConfiguration : spring.jpa.open-in-view is enabled by default. Therefore, database queries may be performed during view rendering. Explicitly configure spring.jpa.open-in-view to disable this warning
2026-03-28T16:35:25.275+05:30  INFO 21956 --- [Health_Gov] [restartedMain] o.s.b.a.e.web.EndpointLinksResolver      : Exposing 13 endpoints beneath base path '/actuator'
2026-03-28T16:35:25.338+05:30  INFO 21956 --- [Health_Gov] [restartedMain] o.s.boot.tomcat.TomcatWebServer          : Tomcat started on port 1111 (http) with context path '/'
2026-03-28T16:35:25.354+05:30  INFO 21956 --- [Health_Gov] [restartedMain] com.healthgov.HealthGovApplication       : Started HealthGovApplication in 1.982 seconds (process running for 514.278)
2026-03-28T16:35:25.393+05:30  WARN 21956 --- [Health_Gov] [restartedMain] o.s.core.events.SpringDocAppInitializer  : SpringDoc /v3/api-docs endpoint is enabled by default. To disable it in production, set the property 'springdoc.api-docs.enabled=false'
2026-03-28T16:35:25.393+05:30  WARN 21956 --- [Health_Gov] [restartedMain] o.s.core.events.SpringDocAppInitializer  : SpringDoc /swagger-ui.html endpoint is enabled by default. To disable it in production, set the property 'springdoc.swagger-ui.enabled=false'
2026-03-28T16:35:25.395+05:30  INFO 21956 --- [Health_Gov] [restartedMain] .ConditionEvaluationDeltaLoggingListener : Condition evaluation unchanged
2026-03-28T16:35:26.702+05:30  INFO 21956 --- [Health_Gov] [File Watcher] rtingClassPathChangeChangedEventListener : Restarting due to 1 class path change (0 additions, 0 deletions, 1 modification)
2026-03-28T16:35:26.703+05:30  INFO 21956 --- [Health_Gov] [Thread-13] o.s.boot.tomcat.GracefulShutdown         : Commencing graceful shutdown. Waiting for active requests to complete
2026-03-28T16:35:26.720+05:30  INFO 21956 --- [Health_Gov] [tomcat-shutdown] o.s.boot.tomcat.GracefulShutdown         : Graceful shutdown complete
2026-03-28T16:35:26.723+05:30  INFO 21956 --- [Health_Gov] [Thread-13] j.LocalContainerEntityManagerFactoryBean : Closing JPA EntityManagerFactory for persistence unit 'default'
2026-03-28T16:35:26.725+05:30  INFO 21956 --- [Health_Gov] [Thread-13] com.zaxxer.hikari.HikariDataSource       : HikariPool-4 - Shutdown initiated...
2026-03-28T16:35:26.730+05:30  INFO 21956 --- [Health_Gov] [Thread-13] com.zaxxer.hikari.HikariDataSource       : HikariPool-4 - Shutdown completed.
2026-03-28T16:35:26.844+05:30  INFO 21956 --- [Health_Gov] [restartedMain] com.healthgov.HealthGovApplication       : Starting HealthGovApplication using Java 21.0.8 with PID 21956 (C:\Users\2481285\Desktop\Java_FSE_Project\Project-HealthGov---National-Public-Health-Research-Governance-System\target\classes started by 2481285 in C:\Users\2481285\Desktop\Java_FSE_Project\Project-HealthGov---National-Public-Health-Research-Governance-System)
2026-03-28T16:35:26.844+05:30  INFO 21956 --- [Health_Gov] [restartedMain] com.healthgov.HealthGovApplication       : No active profile set, falling back to 1 default profile: "default"
2026-03-28T16:35:27.272+05:30  INFO 21956 --- [Health_Gov] [restartedMain] .s.d.r.c.RepositoryConfigurationDelegate : Bootstrapping Spring Data JPA repositories in DEFAULT mode.
2026-03-28T16:35:27.327+05:30  INFO 21956 --- [Health_Gov] [restartedMain] .s.d.r.c.RepositoryConfigurationDelegate : Finished Spring Data repository scanning in 50 ms. Found 6 JPA repository interfaces.
2026-03-28T16:35:27.518+05:30  INFO 21956 --- [Health_Gov] [restartedMain] o.s.boot.tomcat.TomcatWebServer          : Tomcat initialized with port 1111 (http)
2026-03-28T16:35:27.518+05:30  INFO 21956 --- [Health_Gov] [restartedMain] o.apache.catalina.core.StandardService   : Starting service [Tomcat]
2026-03-28T16:35:27.519+05:30  INFO 21956 --- [Health_Gov] [restartedMain] o.apache.catalina.core.StandardEngine    : Starting Servlet engine: [Apache Tomcat/11.0.18]
2026-03-28T16:35:27.593+05:30  INFO 21956 --- [Health_Gov] [restartedMain] b.w.c.s.WebApplicationContextInitializer : Root WebApplicationContext: initialization completed in 746 ms
2026-03-28T16:35:27.708+05:30  INFO 21956 --- [Health_Gov] [restartedMain] org.hibernate.orm.jpa                    : HHH008540: Processing PersistenceUnitInfo [name: default]
2026-03-28T16:35:27.757+05:30  INFO 21956 --- [Health_Gov] [restartedMain] o.s.o.j.p.SpringPersistenceUnitInfo      : No LoadTimeWeaver setup: ignoring JPA class transformer
2026-03-28T16:35:27.759+05:30  INFO 21956 --- [Health_Gov] [restartedMain] com.zaxxer.hikari.HikariDataSource       : HikariPool-5 - Starting...
2026-03-28T16:35:27.781+05:30  INFO 21956 --- [Health_Gov] [restartedMain] com.zaxxer.hikari.pool.HikariPool        : HikariPool-5 - Added connection com.mysql.cj.jdbc.ConnectionImpl@8a3ca4f
2026-03-28T16:35:27.782+05:30  INFO 21956 --- [Health_Gov] [restartedMain] com.zaxxer.hikari.HikariDataSource       : HikariPool-5 - Start completed.
2026-03-28T16:35:27.784+05:30  WARN 21956 --- [Health_Gov] [restartedMain] org.hibernate.orm.deprecation            : HHH90000025: MySQLDialect does not need to be specified explicitly using 'hibernate.dialect' (remove the property setting and it will be selected by default)
2026-03-28T16:35:27.785+05:30  INFO 21956 --- [Health_Gov] [restartedMain] org.hibernate.orm.connections.pooling    : HHH10001005: Database info:
	Database JDBC URL [jdbc:mysql://localhost:3306/healthgov_db]
	Database driver: MySQL Connector/J
	Database dialect: MySQLDialect
	Database version: 8.0.44
	Default catalog/schema: healthgov_db/undefined
	Autocommit mode: undefined/unknown
	Isolation level: REPEATABLE_READ [default REPEATABLE_READ]
	JDBC fetch size: none
	Pool: DataSourceConnectionProvider
	Minimum pool size: undefined/unknown
	Maximum pool size: undefined/unknown
2026-03-28T16:35:28.125+05:30  INFO 21956 --- [Health_Gov] [restartedMain] org.hibernate.orm.core                   : HHH000489: No JTA platform available (set 'hibernate.transaction.jta.platform' to enable JTA platform integration)
2026-03-28T16:35:28.221+05:30  INFO 21956 --- [Health_Gov] [restartedMain] j.LocalContainerEntityManagerFactoryBean : Initialized JPA EntityManagerFactory for persistence unit 'default'
2026-03-28T16:35:28.363+05:30  WARN 21956 --- [Health_Gov] [restartedMain] JpaBaseConfiguration$JpaWebConfiguration : spring.jpa.open-in-view is enabled by default. Therefore, database queries may be performed during view rendering. Explicitly configure spring.jpa.open-in-view to disable this warning
2026-03-28T16:35:28.518+05:30  INFO 21956 --- [Health_Gov] [restartedMain] o.s.b.a.e.web.EndpointLinksResolver      : Exposing 13 endpoints beneath base path '/actuator'
2026-03-28T16:35:28.541+05:30  INFO 21956 --- [Health_Gov] [restartedMain] o.s.boot.tomcat.TomcatWebServer          : Tomcat started on port 1111 (http) with context path '/'
2026-03-28T16:35:28.548+05:30  INFO 21956 --- [Health_Gov] [restartedMain] com.healthgov.HealthGovApplication       : Started HealthGovApplication in 1.741 seconds (process running for 517.472)
2026-03-28T16:35:28.550+05:30  WARN 21956 --- [Health_Gov] [restartedMain] o.s.core.events.SpringDocAppInitializer  : SpringDoc /v3/api-docs endpoint is enabled by default. To disable it in production, set the property 'springdoc.api-docs.enabled=false'
2026-03-28T16:35:28.550+05:30  WARN 21956 --- [Health_Gov] [restartedMain] o.s.core.events.SpringDocAppInitializer  : SpringDoc /swagger-ui.html endpoint is enabled by default. To disable it in production, set the property 'springdoc.swagger-ui.enabled=false'
2026-03-28T16:35:28.551+05:30  INFO 21956 --- [Health_Gov] [restartedMain] .ConditionEvaluationDeltaLoggingListener : Condition evaluation unchanged
2026-03-28T16:44:07.293+05:30  INFO 21956 --- [Health_Gov] [File Watcher] rtingClassPathChangeChangedEventListener : Restarting due to 1 class path change (0 additions, 0 deletions, 1 modification)
2026-03-28T16:44:07.296+05:30  INFO 21956 --- [Health_Gov] [Thread-17] o.s.boot.tomcat.GracefulShutdown         : Commencing graceful shutdown. Waiting for active requests to complete
2026-03-28T16:44:07.311+05:30  INFO 21956 --- [Health_Gov] [tomcat-shutdown] o.s.boot.tomcat.GracefulShutdown         : Graceful shutdown complete
2026-03-28T16:44:07.314+05:30  INFO 21956 --- [Health_Gov] [Thread-17] j.LocalContainerEntityManagerFactoryBean : Closing JPA EntityManagerFactory for persistence unit 'default'
2026-03-28T16:44:07.315+05:30  INFO 21956 --- [Health_Gov] [Thread-17] com.zaxxer.hikari.HikariDataSource       : HikariPool-5 - Shutdown initiated...
2026-03-28T16:44:07.321+05:30  INFO 21956 --- [Health_Gov] [Thread-17] com.zaxxer.hikari.HikariDataSource       : HikariPool-5 - Shutdown completed.
2026-03-28T16:44:07.490+05:30  INFO 21956 --- [Health_Gov] [restartedMain] com.healthgov.HealthGovApplication       : Starting HealthGovApplication using Java 21.0.8 with PID 21956 (C:\Users\2481285\Desktop\Java_FSE_Project\Project-HealthGov---National-Public-Health-Research-Governance-System\target\classes started by 2481285 in C:\Users\2481285\Desktop\Java_FSE_Project\Project-HealthGov---National-Public-Health-Research-Governance-System)
2026-03-28T16:44:07.491+05:30  INFO 21956 --- [Health_Gov] [restartedMain] com.healthgov.HealthGovApplication       : No active profile set, falling back to 1 default profile: "default"
2026-03-28T16:44:10.325+05:30  INFO 21956 --- [Health_Gov] [restartedMain] .s.d.r.c.RepositoryConfigurationDelegate : Bootstrapping Spring Data JPA repositories in DEFAULT mode.
2026-03-28T16:44:10.371+05:30  INFO 21956 --- [Health_Gov] [restartedMain] .s.d.r.c.RepositoryConfigurationDelegate : Finished Spring Data repository scanning in 43 ms. Found 6 JPA repository interfaces.
2026-03-28T16:44:10.510+05:30  INFO 21956 --- [Health_Gov] [restartedMain] o.s.boot.tomcat.TomcatWebServer          : Tomcat initialized with port 1111 (http)
2026-03-28T16:44:10.510+05:30  INFO 21956 --- [Health_Gov] [restartedMain] o.apache.catalina.core.StandardService   : Starting service [Tomcat]
2026-03-28T16:44:10.511+05:30  INFO 21956 --- [Health_Gov] [restartedMain] o.apache.catalina.core.StandardEngine    : Starting Servlet engine: [Apache Tomcat/11.0.18]
2026-03-28T16:44:10.554+05:30  INFO 21956 --- [Health_Gov] [restartedMain] b.w.c.s.WebApplicationContextInitializer : Root WebApplicationContext: initialization completed in 3061 ms
2026-03-28T16:44:10.609+05:30  INFO 21956 --- [Health_Gov] [restartedMain] org.hibernate.orm.jpa                    : HHH008540: Processing PersistenceUnitInfo [name: default]
2026-03-28T16:44:10.652+05:30  INFO 21956 --- [Health_Gov] [restartedMain] o.s.o.j.p.SpringPersistenceUnitInfo      : No LoadTimeWeaver setup: ignoring JPA class transformer
2026-03-28T16:44:10.653+05:30  INFO 21956 --- [Health_Gov] [restartedMain] com.zaxxer.hikari.HikariDataSource       : HikariPool-6 - Starting...
2026-03-28T16:44:10.674+05:30  INFO 21956 --- [Health_Gov] [restartedMain] com.zaxxer.hikari.pool.HikariPool        : HikariPool-6 - Added connection com.mysql.cj.jdbc.ConnectionImpl@2d23609
2026-03-28T16:44:10.674+05:30  INFO 21956 --- [Health_Gov] [restartedMain] com.zaxxer.hikari.HikariDataSource       : HikariPool-6 - Start completed.
2026-03-28T16:44:10.676+05:30  WARN 21956 --- [Health_Gov] [restartedMain] org.hibernate.orm.deprecation            : HHH90000025: MySQLDialect does not need to be specified explicitly using 'hibernate.dialect' (remove the property setting and it will be selected by default)
2026-03-28T16:44:10.677+05:30  INFO 21956 --- [Health_Gov] [restartedMain] org.hibernate.orm.connections.pooling    : HHH10001005: Database info:
	Database JDBC URL [jdbc:mysql://localhost:3306/healthgov_db]
	Database driver: MySQL Connector/J
	Database dialect: MySQLDialect
	Database version: 8.0.44
	Default catalog/schema: healthgov_db/undefined
	Autocommit mode: undefined/unknown
	Isolation level: REPEATABLE_READ [default REPEATABLE_READ]
	JDBC fetch size: none
	Pool: DataSourceConnectionProvider
	Minimum pool size: undefined/unknown
	Maximum pool size: undefined/unknown
2026-03-28T16:44:10.889+05:30  INFO 21956 --- [Health_Gov] [restartedMain] org.hibernate.orm.core                   : HHH000489: No JTA platform available (set 'hibernate.transaction.jta.platform' to enable JTA platform integration)
2026-03-28T16:44:11.000+05:30  INFO 21956 --- [Health_Gov] [restartedMain] j.LocalContainerEntityManagerFactoryBean : Initialized JPA EntityManagerFactory for persistence unit 'default'
2026-03-28T16:44:11.323+05:30  WARN 21956 --- [Health_Gov] [restartedMain] JpaBaseConfiguration$JpaWebConfiguration : spring.jpa.open-in-view is enabled by default. Therefore, database queries may be performed during view rendering. Explicitly configure spring.jpa.open-in-view to disable this warning
2026-03-28T16:44:11.680+05:30  INFO 21956 --- [Health_Gov] [restartedMain] o.s.b.a.e.web.EndpointLinksResolver      : Exposing 13 endpoints beneath base path '/actuator'
2026-03-28T16:44:11.708+05:30  INFO 21956 --- [Health_Gov] [restartedMain] o.s.boot.tomcat.TomcatWebServer          : Tomcat started on port 1111 (http) with context path '/'
2026-03-28T16:44:11.717+05:30  INFO 21956 --- [Health_Gov] [restartedMain] com.healthgov.HealthGovApplication       : Started HealthGovApplication in 4.261 seconds (process running for 1040.641)
2026-03-28T16:44:11.719+05:30  WARN 21956 --- [Health_Gov] [restartedMain] o.s.core.events.SpringDocAppInitializer  : SpringDoc /v3/api-docs endpoint is enabled by default. To disable it in production, set the property 'springdoc.api-docs.enabled=false'
2026-03-28T16:44:11.720+05:30  WARN 21956 --- [Health_Gov] [restartedMain] o.s.core.events.SpringDocAppInitializer  : SpringDoc /swagger-ui.html endpoint is enabled by default. To disable it in production, set the property 'springdoc.swagger-ui.enabled=false'
2026-03-28T16:44:11.720+05:30  INFO 21956 --- [Health_Gov] [restartedMain] .ConditionEvaluationDeltaLoggingListener : Condition evaluation unchanged
2026-03-28T16:49:18.686+05:30  INFO 21956 --- [Health_Gov] [File Watcher] rtingClassPathChangeChangedEventListener : Restarting due to 1 class path change (0 additions, 0 deletions, 1 modification)
2026-03-28T16:49:18.690+05:30  INFO 21956 --- [Health_Gov] [Thread-21] o.s.boot.tomcat.GracefulShutdown         : Commencing graceful shutdown. Waiting for active requests to complete
2026-03-28T16:49:18.715+05:30  INFO 21956 --- [Health_Gov] [tomcat-shutdown] o.s.boot.tomcat.GracefulShutdown         : Graceful shutdown complete
2026-03-28T16:49:18.721+05:30  INFO 21956 --- [Health_Gov] [Thread-21] j.LocalContainerEntityManagerFactoryBean : Closing JPA EntityManagerFactory for persistence unit 'default'
2026-03-28T16:49:18.723+05:30  INFO 21956 --- [Health_Gov] [Thread-21] com.zaxxer.hikari.HikariDataSource       : HikariPool-6 - Shutdown initiated...
2026-03-28T16:49:18.737+05:30  INFO 21956 --- [Health_Gov] [Thread-21] com.zaxxer.hikari.HikariDataSource       : HikariPool-6 - Shutdown completed.
2026-03-28T16:49:18.946+05:30  INFO 21956 --- [Health_Gov] [restartedMain] com.healthgov.HealthGovApplication       : Starting HealthGovApplication using Java 21.0.8 with PID 21956 (C:\Users\2481285\Desktop\Java_FSE_Project\Project-HealthGov---National-Public-Health-Research-Governance-System\target\classes started by 2481285 in C:\Users\2481285\Desktop\Java_FSE_Project\Project-HealthGov---National-Public-Health-Research-Governance-System)
2026-03-28T16:49:18.946+05:30  INFO 21956 --- [Health_Gov] [restartedMain] com.healthgov.HealthGovApplication       : No active profile set, falling back to 1 default profile: "default"
2026-03-28T16:49:19.418+05:30  INFO 21956 --- [Health_Gov] [restartedMain] .s.d.r.c.RepositoryConfigurationDelegate : Bootstrapping Spring Data JPA repositories in DEFAULT mode.
2026-03-28T16:49:19.456+05:30  INFO 21956 --- [Health_Gov] [restartedMain] .s.d.r.c.RepositoryConfigurationDelegate : Finished Spring Data repository scanning in 36 ms. Found 6 JPA repository interfaces.
2026-03-28T16:49:19.590+05:30  INFO 21956 --- [Health_Gov] [restartedMain] o.s.boot.tomcat.TomcatWebServer          : Tomcat initialized with port 1111 (http)
2026-03-28T16:49:19.591+05:30  INFO 21956 --- [Health_Gov] [restartedMain] o.apache.catalina.core.StandardService   : Starting service [Tomcat]
2026-03-28T16:49:19.591+05:30  INFO 21956 --- [Health_Gov] [restartedMain] o.apache.catalina.core.StandardEngine    : Starting Servlet engine: [Apache Tomcat/11.0.18]
2026-03-28T16:49:19.651+05:30  INFO 21956 --- [Health_Gov] [restartedMain] b.w.c.s.WebApplicationContextInitializer : Root WebApplicationContext: initialization completed in 702 ms
2026-03-28T16:49:19.749+05:30  INFO 21956 --- [Health_Gov] [restartedMain] org.hibernate.orm.jpa                    : HHH008540: Processing PersistenceUnitInfo [name: default]
2026-03-28T16:49:19.802+05:30  INFO 21956 --- [Health_Gov] [restartedMain] o.s.o.j.p.SpringPersistenceUnitInfo      : No LoadTimeWeaver setup: ignoring JPA class transformer
2026-03-28T16:49:19.803+05:30  INFO 21956 --- [Health_Gov] [restartedMain] com.zaxxer.hikari.HikariDataSource       : HikariPool-7 - Starting...
2026-03-28T16:49:19.827+05:30  INFO 21956 --- [Health_Gov] [restartedMain] com.zaxxer.hikari.pool.HikariPool        : HikariPool-7 - Added connection com.mysql.cj.jdbc.ConnectionImpl@489b444f
2026-03-28T16:49:19.828+05:30  INFO 21956 --- [Health_Gov] [restartedMain] com.zaxxer.hikari.HikariDataSource       : HikariPool-7 - Start completed.
2026-03-28T16:49:19.830+05:30  WARN 21956 --- [Health_Gov] [restartedMain] org.hibernate.orm.deprecation            : HHH90000025: MySQLDialect does not need to be specified explicitly using 'hibernate.dialect' (remove the property setting and it will be selected by default)
2026-03-28T16:49:19.832+05:30  INFO 21956 --- [Health_Gov] [restartedMain] org.hibernate.orm.connections.pooling    : HHH10001005: Database info:
	Database JDBC URL [jdbc:mysql://localhost:3306/healthgov_db]
	Database driver: MySQL Connector/J
	Database dialect: MySQLDialect
	Database version: 8.0.44
	Default catalog/schema: healthgov_db/undefined
	Autocommit mode: undefined/unknown
	Isolation level: REPEATABLE_READ [default REPEATABLE_READ]
	JDBC fetch size: none
	Pool: DataSourceConnectionProvider
	Minimum pool size: undefined/unknown
	Maximum pool size: undefined/unknown
2026-03-28T16:49:20.137+05:30  INFO 21956 --- [Health_Gov] [restartedMain] org.hibernate.orm.core                   : HHH000489: No JTA platform available (set 'hibernate.transaction.jta.platform' to enable JTA platform integration)
2026-03-28T16:49:20.241+05:30  INFO 21956 --- [Health_Gov] [restartedMain] j.LocalContainerEntityManagerFactoryBean : Initialized JPA EntityManagerFactory for persistence unit 'default'
2026-03-28T16:49:20.523+05:30  WARN 21956 --- [Health_Gov] [restartedMain] JpaBaseConfiguration$JpaWebConfiguration : spring.jpa.open-in-view is enabled by default. Therefore, database queries may be performed during view rendering. Explicitly configure spring.jpa.open-in-view to disable this warning
2026-03-28T16:49:20.836+05:30  INFO 21956 --- [Health_Gov] [restartedMain] o.s.b.a.e.web.EndpointLinksResolver      : Exposing 13 endpoints beneath base path '/actuator'
2026-03-28T16:49:20.868+05:30  INFO 21956 --- [Health_Gov] [restartedMain] o.s.boot.tomcat.TomcatWebServer          : Tomcat started on port 1111 (http) with context path '/'
2026-03-28T16:49:20.872+05:30  INFO 21956 --- [Health_Gov] [restartedMain] com.healthgov.HealthGovApplication       : Started HealthGovApplication in 1.959 seconds (process running for 1349.796)
2026-03-28T16:49:20.874+05:30  WARN 21956 --- [Health_Gov] [restartedMain] o.s.core.events.SpringDocAppInitializer  : SpringDoc /v3/api-docs endpoint is enabled by default. To disable it in production, set the property 'springdoc.api-docs.enabled=false'
2026-03-28T16:49:20.874+05:30  WARN 21956 --- [Health_Gov] [restartedMain] o.s.core.events.SpringDocAppInitializer  : SpringDoc /swagger-ui.html endpoint is enabled by default. To disable it in production, set the property 'springdoc.swagger-ui.enabled=false'
2026-03-28T16:49:20.875+05:30  INFO 21956 --- [Health_Gov] [restartedMain] .ConditionEvaluationDeltaLoggingListener : Condition evaluation unchanged
2026-03-28T16:49:55.626+05:30  INFO 21956 --- [Health_Gov] [File Watcher] rtingClassPathChangeChangedEventListener : Restarting due to 1 class path change (0 additions, 0 deletions, 1 modification)
2026-03-28T16:49:55.628+05:30  INFO 21956 --- [Health_Gov] [Thread-25] o.s.boot.tomcat.GracefulShutdown         : Commencing graceful shutdown. Waiting for active requests to complete
2026-03-28T16:49:55.656+05:30  INFO 21956 --- [Health_Gov] [tomcat-shutdown] o.s.boot.tomcat.GracefulShutdown         : Graceful shutdown complete
2026-03-28T16:49:55.662+05:30  INFO 21956 --- [Health_Gov] [Thread-25] j.LocalContainerEntityManagerFactoryBean : Closing JPA EntityManagerFactory for persistence unit 'default'
2026-03-28T16:49:55.663+05:30  INFO 21956 --- [Health_Gov] [Thread-25] com.zaxxer.hikari.HikariDataSource       : HikariPool-7 - Shutdown initiated...
2026-03-28T16:49:55.673+05:30  INFO 21956 --- [Health_Gov] [Thread-25] com.zaxxer.hikari.HikariDataSource       : HikariPool-7 - Shutdown completed.
2026-03-28T16:49:55.870+05:30  INFO 21956 --- [Health_Gov] [restartedMain] com.healthgov.HealthGovApplication       : Starting HealthGovApplication using Java 21.0.8 with PID 21956 (C:\Users\2481285\Desktop\Java_FSE_Project\Project-HealthGov---National-Public-Health-Research-Governance-System\target\classes started by 2481285 in C:\Users\2481285\Desktop\Java_FSE_Project\Project-HealthGov---National-Public-Health-Research-Governance-System)
2026-03-28T16:49:55.871+05:30  INFO 21956 --- [Health_Gov] [restartedMain] com.healthgov.HealthGovApplication       : No active profile set, falling back to 1 default profile: "default"
2026-03-28T16:49:56.227+05:30  INFO 21956 --- [Health_Gov] [restartedMain] .s.d.r.c.RepositoryConfigurationDelegate : Bootstrapping Spring Data JPA repositories in DEFAULT mode.
2026-03-28T16:49:56.271+05:30  INFO 21956 --- [Health_Gov] [restartedMain] .s.d.r.c.RepositoryConfigurationDelegate : Finished Spring Data repository scanning in 41 ms. Found 6 JPA repository interfaces.
2026-03-28T16:49:56.420+05:30  INFO 21956 --- [Health_Gov] [restartedMain] o.s.boot.tomcat.TomcatWebServer          : Tomcat initialized with port 1111 (http)
2026-03-28T16:49:56.421+05:30  INFO 21956 --- [Health_Gov] [restartedMain] o.apache.catalina.core.StandardService   : Starting service [Tomcat]
2026-03-28T16:49:56.421+05:30  INFO 21956 --- [Health_Gov] [restartedMain] o.apache.catalina.core.StandardEngine    : Starting Servlet engine: [Apache Tomcat/11.0.18]
2026-03-28T16:49:56.453+05:30  INFO 21956 --- [Health_Gov] [restartedMain] b.w.c.s.WebApplicationContextInitializer : Root WebApplicationContext: initialization completed in 580 ms
2026-03-28T16:49:56.531+05:30  INFO 21956 --- [Health_Gov] [restartedMain] org.hibernate.orm.jpa                    : HHH008540: Processing PersistenceUnitInfo [name: default]
2026-03-28T16:49:56.592+05:30  INFO 21956 --- [Health_Gov] [restartedMain] o.s.o.j.p.SpringPersistenceUnitInfo      : No LoadTimeWeaver setup: ignoring JPA class transformer
2026-03-28T16:49:56.595+05:30  INFO 21956 --- [Health_Gov] [restartedMain] com.zaxxer.hikari.HikariDataSource       : HikariPool-8 - Starting...
2026-03-28T16:49:56.620+05:30  INFO 21956 --- [Health_Gov] [restartedMain] com.zaxxer.hikari.pool.HikariPool        : HikariPool-8 - Added connection com.mysql.cj.jdbc.ConnectionImpl@1ccce80b
2026-03-28T16:49:56.620+05:30  INFO 21956 --- [Health_Gov] [restartedMain] com.zaxxer.hikari.HikariDataSource       : HikariPool-8 - Start completed.
2026-03-28T16:49:56.623+05:30  WARN 21956 --- [Health_Gov] [restartedMain] org.hibernate.orm.deprecation            : HHH90000025: MySQLDialect does not need to be specified explicitly using 'hibernate.dialect' (remove the property setting and it will be selected by default)
2026-03-28T16:49:56.625+05:30  INFO 21956 --- [Health_Gov] [restartedMain] org.hibernate.orm.connections.pooling    : HHH10001005: Database info:
	Database JDBC URL [jdbc:mysql://localhost:3306/healthgov_db]
	Database driver: MySQL Connector/J
	Database dialect: MySQLDialect
	Database version: 8.0.44
	Default catalog/schema: healthgov_db/undefined
	Autocommit mode: undefined/unknown
	Isolation level: REPEATABLE_READ [default REPEATABLE_READ]
	JDBC fetch size: none
	Pool: DataSourceConnectionProvider
	Minimum pool size: undefined/unknown
	Maximum pool size: undefined/unknown
2026-03-28T16:49:56.878+05:30  INFO 21956 --- [Health_Gov] [restartedMain] org.hibernate.orm.core                   : HHH000489: No JTA platform available (set 'hibernate.transaction.jta.platform' to enable JTA platform integration)
2026-03-28T16:49:57.072+05:30  INFO 21956 --- [Health_Gov] [restartedMain] j.LocalContainerEntityManagerFactoryBean : Initialized JPA EntityManagerFactory for persistence unit 'default'
2026-03-28T16:49:57.263+05:30  WARN 21956 --- [Health_Gov] [restartedMain] JpaBaseConfiguration$JpaWebConfiguration : spring.jpa.open-in-view is enabled by default. Therefore, database queries may be performed during view rendering. Explicitly configure spring.jpa.open-in-view to disable this warning
2026-03-28T16:49:57.543+05:30  INFO 21956 --- [Health_Gov] [restartedMain] o.s.b.a.e.web.EndpointLinksResolver      : Exposing 13 endpoints beneath base path '/actuator'
2026-03-28T16:49:57.591+05:30  INFO 21956 --- [Health_Gov] [restartedMain] o.s.boot.tomcat.TomcatWebServer          : Tomcat started on port 1111 (http) with context path '/'
2026-03-28T16:49:57.596+05:30  INFO 21956 --- [Health_Gov] [restartedMain] com.healthgov.HealthGovApplication       : Started HealthGovApplication in 1.756 seconds (process running for 1386.519)
2026-03-28T16:49:57.599+05:30  WARN 21956 --- [Health_Gov] [restartedMain] o.s.core.events.SpringDocAppInitializer  : SpringDoc /v3/api-docs endpoint is enabled by default. To disable it in production, set the property 'springdoc.api-docs.enabled=false'
2026-03-28T16:49:57.599+05:30  WARN 21956 --- [Health_Gov] [restartedMain] o.s.core.events.SpringDocAppInitializer  : SpringDoc /swagger-ui.html endpoint is enabled by default. To disable it in production, set the property 'springdoc.swagger-ui.enabled=false'
2026-03-28T16:49:57.600+05:30  INFO 21956 --- [Health_Gov] [restartedMain] .ConditionEvaluationDeltaLoggingListener : Condition evaluation unchanged
2026-03-28T16:50:13.679+05:30  INFO 21956 --- [Health_Gov] [File Watcher] rtingClassPathChangeChangedEventListener : Restarting due to 1 class path change (0 additions, 0 deletions, 1 modification)
2026-03-28T16:50:13.682+05:30  INFO 21956 --- [Health_Gov] [Thread-29] o.s.boot.tomcat.GracefulShutdown         : Commencing graceful shutdown. Waiting for active requests to complete
2026-03-28T16:50:13.716+05:30  INFO 21956 --- [Health_Gov] [tomcat-shutdown] o.s.boot.tomcat.GracefulShutdown         : Graceful shutdown complete
2026-03-28T16:50:13.724+05:30  INFO 21956 --- [Health_Gov] [Thread-29] j.LocalContainerEntityManagerFactoryBean : Closing JPA EntityManagerFactory for persistence unit 'default'
2026-03-28T16:50:13.726+05:30  INFO 21956 --- [Health_Gov] [Thread-29] com.zaxxer.hikari.HikariDataSource       : HikariPool-8 - Shutdown initiated...
2026-03-28T16:50:13.746+05:30  INFO 21956 --- [Health_Gov] [Thread-29] com.zaxxer.hikari.HikariDataSource       : HikariPool-8 - Shutdown completed.
2026-03-28T16:50:13.960+05:30  INFO 21956 --- [Health_Gov] [restartedMain] com.healthgov.HealthGovApplication       : Starting HealthGovApplication using Java 21.0.8 with PID 21956 (C:\Users\2481285\Desktop\Java_FSE_Project\Project-HealthGov---National-Public-Health-Research-Governance-System\target\classes started by 2481285 in C:\Users\2481285\Desktop\Java_FSE_Project\Project-HealthGov---National-Public-Health-Research-Governance-System)
2026-03-28T16:50:13.961+05:30  INFO 21956 --- [Health_Gov] [restartedMain] com.healthgov.HealthGovApplication       : No active profile set, falling back to 1 default profile: "default"
2026-03-28T16:50:14.463+05:30  INFO 21956 --- [Health_Gov] [restartedMain] .s.d.r.c.RepositoryConfigurationDelegate : Bootstrapping Spring Data JPA repositories in DEFAULT mode.
2026-03-28T16:50:14.488+05:30  INFO 21956 --- [Health_Gov] [restartedMain] .s.d.r.c.RepositoryConfigurationDelegate : Finished Spring Data repository scanning in 24 ms. Found 6 JPA repository interfaces.
2026-03-28T16:50:14.611+05:30  INFO 21956 --- [Health_Gov] [restartedMain] o.s.boot.tomcat.TomcatWebServer          : Tomcat initialized with port 1111 (http)
2026-03-28T16:50:14.612+05:30  INFO 21956 --- [Health_Gov] [restartedMain] o.apache.catalina.core.StandardService   : Starting service [Tomcat]
2026-03-28T16:50:14.612+05:30  INFO 21956 --- [Health_Gov] [restartedMain] o.apache.catalina.core.StandardEngine    : Starting Servlet engine: [Apache Tomcat/11.0.18]
2026-03-28T16:50:14.661+05:30  INFO 21956 --- [Health_Gov] [restartedMain] b.w.c.s.WebApplicationContextInitializer : Root WebApplicationContext: initialization completed in 697 ms
2026-03-28T16:50:14.713+05:30  INFO 21956 --- [Health_Gov] [restartedMain] org.hibernate.orm.jpa                    : HHH008540: Processing PersistenceUnitInfo [name: default]
2026-03-28T16:50:14.736+05:30  INFO 21956 --- [Health_Gov] [restartedMain] o.s.o.j.p.SpringPersistenceUnitInfo      : No LoadTimeWeaver setup: ignoring JPA class transformer
2026-03-28T16:50:14.737+05:30  INFO 21956 --- [Health_Gov] [restartedMain] com.zaxxer.hikari.HikariDataSource       : HikariPool-9 - Starting...
2026-03-28T16:50:14.754+05:30  INFO 21956 --- [Health_Gov] [restartedMain] com.zaxxer.hikari.pool.HikariPool        : HikariPool-9 - Added connection com.mysql.cj.jdbc.ConnectionImpl@ce0f4e6
2026-03-28T16:50:14.754+05:30  INFO 21956 --- [Health_Gov] [restartedMain] com.zaxxer.hikari.HikariDataSource       : HikariPool-9 - Start completed.
2026-03-28T16:50:14.756+05:30  WARN 21956 --- [Health_Gov] [restartedMain] org.hibernate.orm.deprecation            : HHH90000025: MySQLDialect does not need to be specified explicitly using 'hibernate.dialect' (remove the property setting and it will be selected by default)
2026-03-28T16:50:14.757+05:30  INFO 21956 --- [Health_Gov] [restartedMain] org.hibernate.orm.connections.pooling    : HHH10001005: Database info:
	Database JDBC URL [jdbc:mysql://localhost:3306/healthgov_db]
	Database driver: MySQL Connector/J
	Database dialect: MySQLDialect
	Database version: 8.0.44
	Default catalog/schema: healthgov_db/undefined
	Autocommit mode: undefined/unknown
	Isolation level: REPEATABLE_READ [default REPEATABLE_READ]
	JDBC fetch size: none
	Pool: DataSourceConnectionProvider
	Minimum pool size: undefined/unknown
	Maximum pool size: undefined/unknown
2026-03-28T16:50:14.972+05:30  INFO 21956 --- [Health_Gov] [restartedMain] org.hibernate.orm.core                   : HHH000489: No JTA platform available (set 'hibernate.transaction.jta.platform' to enable JTA platform integration)
2026-03-28T16:50:15.056+05:30  INFO 21956 --- [Health_Gov] [restartedMain] j.LocalContainerEntityManagerFactoryBean : Initialized JPA EntityManagerFactory for persistence unit 'default'
2026-03-28T16:50:15.234+05:30  WARN 21956 --- [Health_Gov] [restartedMain] JpaBaseConfiguration$JpaWebConfiguration : spring.jpa.open-in-view is enabled by default. Therefore, database queries may be performed during view rendering. Explicitly configure spring.jpa.open-in-view to disable this warning
2026-03-28T16:50:15.406+05:30  INFO 21956 --- [Health_Gov] [restartedMain] o.s.b.a.e.web.EndpointLinksResolver      : Exposing 13 endpoints beneath base path '/actuator'
2026-03-28T16:50:15.422+05:30  INFO 21956 --- [Health_Gov] [restartedMain] o.s.boot.tomcat.TomcatWebServer          : Tomcat started on port 1111 (http) with context path '/'
2026-03-28T16:50:15.428+05:30  INFO 21956 --- [Health_Gov] [restartedMain] com.healthgov.HealthGovApplication       : Started HealthGovApplication in 1.517 seconds (process running for 1404.352)
2026-03-28T16:50:15.441+05:30  WARN 21956 --- [Health_Gov] [restartedMain] o.s.core.events.SpringDocAppInitializer  : SpringDoc /v3/api-docs endpoint is enabled by default. To disable it in production, set the property 'springdoc.api-docs.enabled=false'
2026-03-28T16:50:15.441+05:30  WARN 21956 --- [Health_Gov] [restartedMain] o.s.core.events.SpringDocAppInitializer  : SpringDoc /swagger-ui.html endpoint is enabled by default. To disable it in production, set the property 'springdoc.swagger-ui.enabled=false'
2026-03-28T16:50:15.442+05:30  INFO 21956 --- [Health_Gov] [restartedMain] .ConditionEvaluationDeltaLoggingListener : Condition evaluation unchanged
2026-03-28T16:50:25.889+05:30  INFO 21956 --- [Health_Gov] [http-nio-1111-exec-1] o.a.c.c.C.[Tomcat].[localhost].[/]       : Initializing Spring DispatcherServlet 'dispatcherServlet'
2026-03-28T16:50:25.889+05:30  INFO 21956 --- [Health_Gov] [http-nio-1111-exec-1] o.s.web.servlet.DispatcherServlet        : Initializing Servlet 'dispatcherServlet'
2026-03-28T16:50:25.892+05:30  INFO 21956 --- [Health_Gov] [http-nio-1111-exec-1] o.s.web.servlet.DispatcherServlet        : Completed initialization in 3 ms
2026-03-28T16:50:25.906+05:30  INFO 21956 --- [Health_Gov] [http-nio-1111-exec-1] c.h.controller.ComplianceController      : GET /api/v1/compliance-records
2026-03-28T16:50:25.910+05:30  INFO 21956 --- [Health_Gov] [http-nio-1111-exec-1] c.h.service.ComplianceServiceImpl        : Retrived All Compliance Records form the table.
2026-03-28T16:50:34.660+05:30  INFO 21956 --- [Health_Gov] [http-nio-1111-exec-7] c.h.controller.ComplianceController      : GET /api/v1/compliance-records/PROJECT/201
2026-03-28T16:50:34.666+05:30  INFO 21956 --- [Health_Gov] [http-nio-1111-exec-7] c.h.service.ComplianceServiceImpl        : Validating the compliance type before updatring the status
2026-03-28T16:50:34.668+05:30  INFO 21956 --- [Health_Gov] [http-nio-1111-exec-7] c.h.service.ComplianceServiceImpl        : Validating the Entity ID and It's Type pair in respective table
2026-03-28T16:50:34.703+05:30  INFO 21956 --- [Health_Gov] [http-nio-1111-exec-7] c.h.service.ComplianceServiceImpl        : Executed Get Compliance Record By Id function : com.healthgov.model.ComplianceRecord@10dce12c
2026-03-28T16:50:35.136+05:30  WARN 21956 --- [Health_Gov] [http-nio-1111-exec-7] .m.m.a.ExceptionHandlerExceptionResolver : Resolved [org.springframework.http.converter.HttpMessageNotWritableException: Could not write JSON: Document nesting depth (501) exceeds the maximum allowed (500, from `StreamWriteConstraints.getMaxNestingDepth()`)]
2026-03-28T16:54:15.637+05:30  INFO 21956 --- [Health_Gov] [http-nio-1111-exec-6] c.h.controller.ComplianceController      : GET /api/v1/compliance-records
2026-03-28T16:54:15.640+05:30  INFO 21956 --- [Health_Gov] [http-nio-1111-exec-6] c.h.service.ComplianceServiceImpl        : Retrived All Compliance Records form the table.
2026-03-28T16:55:24.630+05:30  INFO 21956 --- [Health_Gov] [http-nio-1111-exec-8] c.h.controller.ComplianceController      : GET /api/v1/compliance-records/PROJECT/201
2026-03-28T16:55:24.635+05:30  INFO 21956 --- [Health_Gov] [http-nio-1111-exec-8] c.h.service.ComplianceServiceImpl        : Validating the compliance type before updatring the status
2026-03-28T16:55:24.636+05:30  INFO 21956 --- [Health_Gov] [http-nio-1111-exec-8] c.h.service.ComplianceServiceImpl        : Validating the Entity ID and It's Type pair in respective table
2026-03-28T16:55:24.656+05:30  INFO 21956 --- [Health_Gov] [http-nio-1111-exec-8] c.h.service.ComplianceServiceImpl        : Executed Get Compliance Record By Id function : com.healthgov.model.ComplianceRecord@355fa3b7
2026-03-28T16:55:24.721+05:30  WARN 21956 --- [Health_Gov] [http-nio-1111-exec-8] .m.m.a.ExceptionHandlerExceptionResolver : Resolved [org.springframework.http.converter.HttpMessageNotWritableException: Could not write JSON: Document nesting depth (501) exceeds the maximum allowed (500, from `StreamWriteConstraints.getMaxNestingDepth()`)]
2026-03-28T16:58:02.467+05:30  INFO 21956 --- [Health_Gov] [File Watcher] rtingClassPathChangeChangedEventListener : Restarting due to 1 class path change (0 additions, 0 deletions, 1 modification)
2026-03-28T16:58:02.470+05:30  INFO 21956 --- [Health_Gov] [Thread-33] o.s.boot.tomcat.GracefulShutdown         : Commencing graceful shutdown. Waiting for active requests to complete
2026-03-28T16:58:02.493+05:30  INFO 21956 --- [Health_Gov] [tomcat-shutdown] o.s.boot.tomcat.GracefulShutdown         : Graceful shutdown complete
2026-03-28T16:58:02.500+05:30  INFO 21956 --- [Health_Gov] [Thread-33] j.LocalContainerEntityManagerFactoryBean : Closing JPA EntityManagerFactory for persistence unit 'default'
2026-03-28T16:58:02.502+05:30  INFO 21956 --- [Health_Gov] [Thread-33] com.zaxxer.hikari.HikariDataSource       : HikariPool-9 - Shutdown initiated...
2026-03-28T16:58:02.510+05:30  INFO 21956 --- [Health_Gov] [Thread-33] com.zaxxer.hikari.HikariDataSource       : HikariPool-9 - Shutdown completed.
2026-03-28T16:58:02.698+05:30  INFO 21956 --- [Health_Gov] [restartedMain] com.healthgov.HealthGovApplication       : Starting HealthGovApplication using Java 21.0.8 with PID 21956 (C:\Users\2481285\Desktop\Java_FSE_Project\Project-HealthGov---National-Public-Health-Research-Governance-System\target\classes started by 2481285 in C:\Users\2481285\Desktop\Java_FSE_Project\Project-HealthGov---National-Public-Health-Research-Governance-System)
2026-03-28T16:58:02.698+05:30  INFO 21956 --- [Health_Gov] [restartedMain] com.healthgov.HealthGovApplication       : No active profile set, falling back to 1 default profile: "default"
2026-03-28T16:58:03.054+05:30  INFO 21956 --- [Health_Gov] [restartedMain] .s.d.r.c.RepositoryConfigurationDelegate : Bootstrapping Spring Data JPA repositories in DEFAULT mode.
2026-03-28T16:58:03.092+05:30  INFO 21956 --- [Health_Gov] [restartedMain] .s.d.r.c.RepositoryConfigurationDelegate : Finished Spring Data repository scanning in 36 ms. Found 6 JPA repository interfaces.
2026-03-28T16:58:03.219+05:30  INFO 21956 --- [Health_Gov] [restartedMain] o.s.boot.tomcat.TomcatWebServer          : Tomcat initialized with port 1111 (http)
2026-03-28T16:58:03.220+05:30  INFO 21956 --- [Health_Gov] [restartedMain] o.apache.catalina.core.StandardService   : Starting service [Tomcat]
2026-03-28T16:58:03.220+05:30  INFO 21956 --- [Health_Gov] [restartedMain] o.apache.catalina.core.StandardEngine    : Starting Servlet engine: [Apache Tomcat/11.0.18]
2026-03-28T16:58:03.250+05:30  INFO 21956 --- [Health_Gov] [restartedMain] b.w.c.s.WebApplicationContextInitializer : Root WebApplicationContext: initialization completed in 550 ms
2026-03-28T16:58:03.323+05:30  INFO 21956 --- [Health_Gov] [restartedMain] org.hibernate.orm.jpa                    : HHH008540: Processing PersistenceUnitInfo [name: default]
2026-03-28T16:58:03.349+05:30  INFO 21956 --- [Health_Gov] [restartedMain] o.s.o.j.p.SpringPersistenceUnitInfo      : No LoadTimeWeaver setup: ignoring JPA class transformer
2026-03-28T16:58:03.350+05:30  INFO 21956 --- [Health_Gov] [restartedMain] com.zaxxer.hikari.HikariDataSource       : HikariPool-10 - Starting...
2026-03-28T16:58:03.374+05:30  INFO 21956 --- [Health_Gov] [restartedMain] com.zaxxer.hikari.pool.HikariPool        : HikariPool-10 - Added connection com.mysql.cj.jdbc.ConnectionImpl@554dd3b8
2026-03-28T16:58:03.375+05:30  INFO 21956 --- [Health_Gov] [restartedMain] com.zaxxer.hikari.HikariDataSource       : HikariPool-10 - Start completed.
2026-03-28T16:58:03.378+05:30  WARN 21956 --- [Health_Gov] [restartedMain] org.hibernate.orm.deprecation            : HHH90000025: MySQLDialect does not need to be specified explicitly using 'hibernate.dialect' (remove the property setting and it will be selected by default)
2026-03-28T16:58:03.379+05:30  INFO 21956 --- [Health_Gov] [restartedMain] org.hibernate.orm.connections.pooling    : HHH10001005: Database info:
	Database JDBC URL [jdbc:mysql://localhost:3306/healthgov_db]
	Database driver: MySQL Connector/J
	Database dialect: MySQLDialect
	Database version: 8.0.44
	Default catalog/schema: healthgov_db/undefined
	Autocommit mode: undefined/unknown
	Isolation level: REPEATABLE_READ [default REPEATABLE_READ]
	JDBC fetch size: none
	Pool: DataSourceConnectionProvider
	Minimum pool size: undefined/unknown
	Maximum pool size: undefined/unknown
2026-03-28T16:58:03.827+05:30  INFO 21956 --- [Health_Gov] [restartedMain] org.hibernate.orm.core                   : HHH000489: No JTA platform available (set 'hibernate.transaction.jta.platform' to enable JTA platform integration)
2026-03-28T16:58:03.962+05:30  INFO 21956 --- [Health_Gov] [restartedMain] j.LocalContainerEntityManagerFactoryBean : Initialized JPA EntityManagerFactory for persistence unit 'default'
2026-03-28T16:58:04.506+05:30  WARN 21956 --- [Health_Gov] [restartedMain] JpaBaseConfiguration$JpaWebConfiguration : spring.jpa.open-in-view is enabled by default. Therefore, database queries may be performed during view rendering. Explicitly configure spring.jpa.open-in-view to disable this warning
2026-03-28T16:58:05.374+05:30  INFO 21956 --- [Health_Gov] [restartedMain] o.s.b.a.e.web.EndpointLinksResolver      : Exposing 13 endpoints beneath base path '/actuator'
2026-03-28T16:58:05.493+05:30  INFO 21956 --- [Health_Gov] [restartedMain] o.s.boot.tomcat.TomcatWebServer          : Tomcat started on port 1111 (http) with context path '/'
2026-03-28T16:58:05.502+05:30  INFO 21956 --- [Health_Gov] [restartedMain] com.healthgov.HealthGovApplication       : Started HealthGovApplication in 2.827 seconds (process running for 1874.425)
2026-03-28T16:58:05.506+05:30  WARN 21956 --- [Health_Gov] [restartedMain] o.s.core.events.SpringDocAppInitializer  : SpringDoc /v3/api-docs endpoint is enabled by default. To disable it in production, set the property 'springdoc.api-docs.enabled=false'
2026-03-28T16:58:05.506+05:30  WARN 21956 --- [Health_Gov] [restartedMain] o.s.core.events.SpringDocAppInitializer  : SpringDoc /swagger-ui.html endpoint is enabled by default. To disable it in production, set the property 'springdoc.swagger-ui.enabled=false'
2026-03-28T16:58:05.509+05:30  INFO 21956 --- [Health_Gov] [restartedMain] .ConditionEvaluationDeltaLoggingListener : Condition evaluation unchanged
2026-03-28T16:58:06.819+05:30  INFO 21956 --- [Health_Gov] [File Watcher] rtingClassPathChangeChangedEventListener : Restarting due to 1 class path change (0 additions, 0 deletions, 1 modification)
2026-03-28T16:58:06.821+05:30  INFO 21956 --- [Health_Gov] [Thread-37] o.s.boot.tomcat.GracefulShutdown         : Commencing graceful shutdown. Waiting for active requests to complete
2026-03-28T16:58:06.853+05:30  INFO 21956 --- [Health_Gov] [tomcat-shutdown] o.s.boot.tomcat.GracefulShutdown         : Graceful shutdown complete
2026-03-28T16:58:06.860+05:30  INFO 21956 --- [Health_Gov] [Thread-37] j.LocalContainerEntityManagerFactoryBean : Closing JPA EntityManagerFactory for persistence unit 'default'
2026-03-28T16:58:06.861+05:30  INFO 21956 --- [Health_Gov] [Thread-37] com.zaxxer.hikari.HikariDataSource       : HikariPool-10 - Shutdown initiated...
2026-03-28T16:58:06.872+05:30  INFO 21956 --- [Health_Gov] [Thread-37] com.zaxxer.hikari.HikariDataSource       : HikariPool-10 - Shutdown completed.
2026-03-28T16:58:07.068+05:30  INFO 21956 --- [Health_Gov] [restartedMain] com.healthgov.HealthGovApplication       : Starting HealthGovApplication using Java 21.0.8 with PID 21956 (C:\Users\2481285\Desktop\Java_FSE_Project\Project-HealthGov---National-Public-Health-Research-Governance-System\target\classes started by 2481285 in C:\Users\2481285\Desktop\Java_FSE_Project\Project-HealthGov---National-Public-Health-Research-Governance-System)
2026-03-28T16:58:07.068+05:30  INFO 21956 --- [Health_Gov] [restartedMain] com.healthgov.HealthGovApplication       : No active profile set, falling back to 1 default profile: "default"
2026-03-28T16:58:07.605+05:30  INFO 21956 --- [Health_Gov] [restartedMain] .s.d.r.c.RepositoryConfigurationDelegate : Bootstrapping Spring Data JPA repositories in DEFAULT mode.
2026-03-28T16:58:07.692+05:30  INFO 21956 --- [Health_Gov] [restartedMain] .s.d.r.c.RepositoryConfigurationDelegate : Finished Spring Data repository scanning in 80 ms. Found 6 JPA repository interfaces.
2026-03-28T16:58:07.844+05:30  INFO 21956 --- [Health_Gov] [restartedMain] o.s.boot.tomcat.TomcatWebServer          : Tomcat initialized with port 1111 (http)
2026-03-28T16:58:07.845+05:30  INFO 21956 --- [Health_Gov] [restartedMain] o.apache.catalina.core.StandardService   : Starting service [Tomcat]
2026-03-28T16:58:07.846+05:30  INFO 21956 --- [Health_Gov] [restartedMain] o.apache.catalina.core.StandardEngine    : Starting Servlet engine: [Apache Tomcat/11.0.18]
2026-03-28T16:58:07.892+05:30  INFO 21956 --- [Health_Gov] [restartedMain] b.w.c.s.WebApplicationContextInitializer : Root WebApplicationContext: initialization completed in 820 ms
2026-03-28T16:58:07.994+05:30  INFO 21956 --- [Health_Gov] [restartedMain] org.hibernate.orm.jpa                    : HHH008540: Processing PersistenceUnitInfo [name: default]
2026-03-28T16:58:08.040+05:30  INFO 21956 --- [Health_Gov] [restartedMain] o.s.o.j.p.SpringPersistenceUnitInfo      : No LoadTimeWeaver setup: ignoring JPA class transformer
2026-03-28T16:58:08.041+05:30  INFO 21956 --- [Health_Gov] [restartedMain] com.zaxxer.hikari.HikariDataSource       : HikariPool-11 - Starting...
2026-03-28T16:58:08.071+05:30  INFO 21956 --- [Health_Gov] [restartedMain] com.zaxxer.hikari.pool.HikariPool        : HikariPool-11 - Added connection com.mysql.cj.jdbc.ConnectionImpl@540215e1
2026-03-28T16:58:08.071+05:30  INFO 21956 --- [Health_Gov] [restartedMain] com.zaxxer.hikari.HikariDataSource       : HikariPool-11 - Start completed.
2026-03-28T16:58:08.073+05:30  WARN 21956 --- [Health_Gov] [restartedMain] org.hibernate.orm.deprecation            : HHH90000025: MySQLDialect does not need to be specified explicitly using 'hibernate.dialect' (remove the property setting and it will be selected by default)
2026-03-28T16:58:08.074+05:30  INFO 21956 --- [Health_Gov] [restartedMain] org.hibernate.orm.connections.pooling    : HHH10001005: Database info:
	Database JDBC URL [jdbc:mysql://localhost:3306/healthgov_db]
	Database driver: MySQL Connector/J
	Database dialect: MySQLDialect
	Database version: 8.0.44
	Default catalog/schema: healthgov_db/undefined
	Autocommit mode: undefined/unknown
	Isolation level: REPEATABLE_READ [default REPEATABLE_READ]
	JDBC fetch size: none
	Pool: DataSourceConnectionProvider
	Minimum pool size: undefined/unknown
	Maximum pool size: undefined/unknown
2026-03-28T16:58:08.411+05:30  INFO 21956 --- [Health_Gov] [restartedMain] org.hibernate.orm.core                   : HHH000489: No JTA platform available (set 'hibernate.transaction.jta.platform' to enable JTA platform integration)
2026-03-28T16:58:08.572+05:30  INFO 21956 --- [Health_Gov] [restartedMain] j.LocalContainerEntityManagerFactoryBean : Initialized JPA EntityManagerFactory for persistence unit 'default'
2026-03-28T16:58:08.789+05:30  WARN 21956 --- [Health_Gov] [restartedMain] JpaBaseConfiguration$JpaWebConfiguration : spring.jpa.open-in-view is enabled by default. Therefore, database queries may be performed during view rendering. Explicitly configure spring.jpa.open-in-view to disable this warning
2026-03-28T16:58:08.993+05:30  INFO 21956 --- [Health_Gov] [restartedMain] o.s.b.a.e.web.EndpointLinksResolver      : Exposing 13 endpoints beneath base path '/actuator'
2026-03-28T16:58:09.058+05:30  INFO 21956 --- [Health_Gov] [restartedMain] o.s.boot.tomcat.TomcatWebServer          : Tomcat started on port 1111 (http) with context path '/'
2026-03-28T16:58:09.065+05:30  INFO 21956 --- [Health_Gov] [restartedMain] com.healthgov.HealthGovApplication       : Started HealthGovApplication in 2.048 seconds (process running for 1877.989)
2026-03-28T16:58:09.069+05:30  WARN 21956 --- [Health_Gov] [restartedMain] o.s.core.events.SpringDocAppInitializer  : SpringDoc /v3/api-docs endpoint is enabled by default. To disable it in production, set the property 'springdoc.api-docs.enabled=false'
2026-03-28T16:58:09.069+05:30  WARN 21956 --- [Health_Gov] [restartedMain] o.s.core.events.SpringDocAppInitializer  : SpringDoc /swagger-ui.html endpoint is enabled by default. To disable it in production, set the property 'springdoc.swagger-ui.enabled=false'
2026-03-28T16:58:09.071+05:30  INFO 21956 --- [Health_Gov] [restartedMain] .ConditionEvaluationDeltaLoggingListener : Condition evaluation unchanged
2026-03-28T16:58:14.745+05:30  INFO 21956 --- [Health_Gov] [File Watcher] rtingClassPathChangeChangedEventListener : Restarting due to 3 class path changes (0 additions, 0 deletions, 3 modifications)
2026-03-28T16:58:14.749+05:30  INFO 21956 --- [Health_Gov] [Thread-41] o.s.boot.tomcat.GracefulShutdown         : Commencing graceful shutdown. Waiting for active requests to complete
2026-03-28T16:58:14.777+05:30  INFO 21956 --- [Health_Gov] [tomcat-shutdown] o.s.boot.tomcat.GracefulShutdown         : Graceful shutdown complete
2026-03-28T16:58:14.783+05:30  INFO 21956 --- [Health_Gov] [Thread-41] j.LocalContainerEntityManagerFactoryBean : Closing JPA EntityManagerFactory for persistence unit 'default'
2026-03-28T16:58:14.784+05:30  INFO 21956 --- [Health_Gov] [Thread-41] com.zaxxer.hikari.HikariDataSource       : HikariPool-11 - Shutdown initiated...
2026-03-28T16:58:14.792+05:30  INFO 21956 --- [Health_Gov] [Thread-41] com.zaxxer.hikari.HikariDataSource       : HikariPool-11 - Shutdown completed.
2026-03-28T16:58:15.025+05:30  INFO 21956 --- [Health_Gov] [restartedMain] com.healthgov.HealthGovApplication       : Starting HealthGovApplication using Java 21.0.8 with PID 21956 (C:\Users\2481285\Desktop\Java_FSE_Project\Project-HealthGov---National-Public-Health-Research-Governance-System\target\classes started by 2481285 in C:\Users\2481285\Desktop\Java_FSE_Project\Project-HealthGov---National-Public-Health-Research-Governance-System)
2026-03-28T16:58:15.025+05:30  INFO 21956 --- [Health_Gov] [restartedMain] com.healthgov.HealthGovApplication       : No active profile set, falling back to 1 default profile: "default"
2026-03-28T16:58:15.401+05:30  INFO 21956 --- [Health_Gov] [restartedMain] .s.d.r.c.RepositoryConfigurationDelegate : Bootstrapping Spring Data JPA repositories in DEFAULT mode.
2026-03-28T16:58:15.482+05:30  INFO 21956 --- [Health_Gov] [restartedMain] .s.d.r.c.RepositoryConfigurationDelegate : Finished Spring Data repository scanning in 74 ms. Found 6 JPA repository interfaces.
2026-03-28T16:58:15.678+05:30  INFO 21956 --- [Health_Gov] [restartedMain] o.s.boot.tomcat.TomcatWebServer          : Tomcat initialized with port 1111 (http)
2026-03-28T16:58:15.679+05:30  INFO 21956 --- [Health_Gov] [restartedMain] o.apache.catalina.core.StandardService   : Starting service [Tomcat]
2026-03-28T16:58:15.680+05:30  INFO 21956 --- [Health_Gov] [restartedMain] o.apache.catalina.core.StandardEngine    : Starting Servlet engine: [Apache Tomcat/11.0.18]
2026-03-28T16:58:15.728+05:30  INFO 21956 --- [Health_Gov] [restartedMain] b.w.c.s.WebApplicationContextInitializer : Root WebApplicationContext: initialization completed in 701 ms
2026-03-28T16:58:15.857+05:30  INFO 21956 --- [Health_Gov] [restartedMain] org.hibernate.orm.jpa                    : HHH008540: Processing PersistenceUnitInfo [name: default]
2026-03-28T16:58:15.992+05:30  INFO 21956 --- [Health_Gov] [restartedMain] o.s.o.j.p.SpringPersistenceUnitInfo      : No LoadTimeWeaver setup: ignoring JPA class transformer
2026-03-28T16:58:15.993+05:30  INFO 21956 --- [Health_Gov] [restartedMain] com.zaxxer.hikari.HikariDataSource       : HikariPool-12 - Starting...
2026-03-28T16:58:16.016+05:30  INFO 21956 --- [Health_Gov] [restartedMain] com.zaxxer.hikari.pool.HikariPool        : HikariPool-12 - Added connection com.mysql.cj.jdbc.ConnectionImpl@297461f4
2026-03-28T16:58:16.017+05:30  INFO 21956 --- [Health_Gov] [restartedMain] com.zaxxer.hikari.HikariDataSource       : HikariPool-12 - Start completed.
2026-03-28T16:58:16.020+05:30  WARN 21956 --- [Health_Gov] [restartedMain] org.hibernate.orm.deprecation            : HHH90000025: MySQLDialect does not need to be specified explicitly using 'hibernate.dialect' (remove the property setting and it will be selected by default)
2026-03-28T16:58:16.022+05:30  INFO 21956 --- [Health_Gov] [restartedMain] org.hibernate.orm.connections.pooling    : HHH10001005: Database info:
	Database JDBC URL [jdbc:mysql://localhost:3306/healthgov_db]
	Database driver: MySQL Connector/J
	Database dialect: MySQLDialect
	Database version: 8.0.44
	Default catalog/schema: healthgov_db/undefined
	Autocommit mode: undefined/unknown
	Isolation level: REPEATABLE_READ [default REPEATABLE_READ]
	JDBC fetch size: none
	Pool: DataSourceConnectionProvider
	Minimum pool size: undefined/unknown
	Maximum pool size: undefined/unknown
2026-03-28T16:58:16.453+05:30  INFO 21956 --- [Health_Gov] [restartedMain] org.hibernate.orm.core                   : HHH000489: No JTA platform available (set 'hibernate.transaction.jta.platform' to enable JTA platform integration)
2026-03-28T16:58:16.621+05:30  INFO 21956 --- [Health_Gov] [restartedMain] j.LocalContainerEntityManagerFactoryBean : Initialized JPA EntityManagerFactory for persistence unit 'default'
2026-03-28T16:58:16.902+05:30  WARN 21956 --- [Health_Gov] [restartedMain] JpaBaseConfiguration$JpaWebConfiguration : spring.jpa.open-in-view is enabled by default. Therefore, database queries may be performed during view rendering. Explicitly configure spring.jpa.open-in-view to disable this warning
2026-03-28T16:58:17.232+05:30  INFO 21956 --- [Health_Gov] [restartedMain] o.s.b.a.e.web.EndpointLinksResolver      : Exposing 13 endpoints beneath base path '/actuator'
2026-03-28T16:58:17.273+05:30  INFO 21956 --- [Health_Gov] [restartedMain] o.s.boot.tomcat.TomcatWebServer          : Tomcat started on port 1111 (http) with context path '/'
2026-03-28T16:58:17.277+05:30  INFO 21956 --- [Health_Gov] [restartedMain] com.healthgov.HealthGovApplication       : Started HealthGovApplication in 2.28 seconds (process running for 1886.201)
2026-03-28T16:58:17.279+05:30  WARN 21956 --- [Health_Gov] [restartedMain] o.s.core.events.SpringDocAppInitializer  : SpringDoc /v3/api-docs endpoint is enabled by default. To disable it in production, set the property 'springdoc.api-docs.enabled=false'
2026-03-28T16:58:17.279+05:30  WARN 21956 --- [Health_Gov] [restartedMain] o.s.core.events.SpringDocAppInitializer  : SpringDoc /swagger-ui.html endpoint is enabled by default. To disable it in production, set the property 'springdoc.swagger-ui.enabled=false'
2026-03-28T16:58:17.280+05:30  INFO 21956 --- [Health_Gov] [restartedMain] .ConditionEvaluationDeltaLoggingListener : Condition evaluation unchanged
2026-03-28T16:58:20.899+05:30  INFO 21956 --- [Health_Gov] [http-nio-1111-exec-4] o.a.c.c.C.[Tomcat].[localhost].[/]       : Initializing Spring DispatcherServlet 'dispatcherServlet'
2026-03-28T16:58:20.900+05:30  INFO 21956 --- [Health_Gov] [http-nio-1111-exec-4] o.s.web.servlet.DispatcherServlet        : Initializing Servlet 'dispatcherServlet'
2026-03-28T16:58:20.906+05:30  INFO 21956 --- [Health_Gov] [http-nio-1111-exec-4] o.s.web.servlet.DispatcherServlet        : Completed initialization in 6 ms
2026-03-28T16:58:20.936+05:30  INFO 21956 --- [Health_Gov] [http-nio-1111-exec-4] c.h.controller.ComplianceController      : GET /api/v1/compliance-records/PROJECT/201
2026-03-28T16:58:20.946+05:30  INFO 21956 --- [Health_Gov] [http-nio-1111-exec-4] c.h.service.ComplianceServiceImpl        : Validating the compliance type before updatring the status
2026-03-28T16:58:20.948+05:30  INFO 21956 --- [Health_Gov] [http-nio-1111-exec-4] c.h.service.ComplianceServiceImpl        : Validating the Entity ID and It's Type pair in respective table
2026-03-28T16:58:20.994+05:30  INFO 21956 --- [Health_Gov] [http-nio-1111-exec-4] c.h.service.ComplianceServiceImpl        : Executed Get Compliance Record By Id function : com.healthgov.model.ComplianceRecord@68f6c9da
2026-03-28T16:59:11.059+05:30  INFO 21956 --- [Health_Gov] [http-nio-1111-exec-2] c.healthgov.controller.AuditController   : POST /api/v1/audits officerId=1 scope=GRANT:303
2026-03-28T16:59:11.151+05:30  WARN 21956 --- [Health_Gov] [http-nio-1111-exec-2] .m.m.a.ExceptionHandlerExceptionResolver : Resolved [com.healthgov.exceptions.ResourceNotFoundException: Enter only compliance officer id. Compliance Officer not found: id=1]
2026-03-28T16:59:31.008+05:30  INFO 21956 --- [Health_Gov] [http-nio-1111-exec-5] c.healthgov.controller.AuditController   : POST /api/v1/audits officerId=13 scope=GRANT:303
2026-03-28T16:59:31.475+05:30  INFO 21956 --- [Health_Gov] [http-nio-1111-exec-5] com.healthgov.service.AuditServiceImpl   : AUDIT_CREATE Audit(auditId=11, officerId=13, scope=GRANT:303)
2026-03-28T17:00:59.472+05:30  INFO 21956 --- [Health_Gov] [RMI TCP Connection(71)-127.0.0.1] inMXBeanRegistrar$SpringApplicationAdmin : Application shutdown requested.
2026-03-28T17:00:59.474+05:30  INFO 21956 --- [Health_Gov] [RMI TCP Connection(71)-127.0.0.1] o.s.boot.tomcat.GracefulShutdown         : Commencing graceful shutdown. Waiting for active requests to complete
2026-03-28T17:00:59.505+05:30  INFO 21956 --- [Health_Gov] [tomcat-shutdown] o.s.boot.tomcat.GracefulShutdown         : Graceful shutdown complete
2026-03-28T17:00:59.514+05:30  INFO 21956 --- [Health_Gov] [RMI TCP Connection(71)-127.0.0.1] j.LocalContainerEntityManagerFactoryBean : Closing JPA EntityManagerFactory for persistence unit 'default'
2026-03-28T17:00:59.515+05:30  INFO 21956 --- [Health_Gov] [RMI TCP Connection(71)-127.0.0.1] com.zaxxer.hikari.HikariDataSource       : HikariPool-12 - Shutdown initiated...
2026-03-28T17:00:59.528+05:30  INFO 21956 --- [Health_Gov] [RMI TCP Connection(71)-127.0.0.1] com.zaxxer.hikari.HikariDataSource       : HikariPool-12 - Shutdown completed.
2026-03-28T17:14:52.057+05:30  INFO 27016 --- [Health_Gov] [restartedMain] com.healthgov.HealthGovApplication       : Starting HealthGovApplication using Java 21.0.8 with PID 27016 (C:\Users\2481285\Desktop\Java_FSE_Project\Project-HealthGov---National-Public-Health-Research-Governance-System\target\classes started by 2481285 in C:\Users\2481285\Desktop\Java_FSE_Project\Project-HealthGov---National-Public-Health-Research-Governance-System)
2026-03-28T17:14:52.060+05:30  INFO 27016 --- [Health_Gov] [restartedMain] com.healthgov.HealthGovApplication       : No active profile set, falling back to 1 default profile: "default"
2026-03-28T17:14:52.123+05:30  INFO 27016 --- [Health_Gov] [restartedMain] .e.DevToolsPropertyDefaultsPostProcessor : Devtools property defaults active! Set 'spring.devtools.add-properties' to 'false' to disable
2026-03-28T17:14:52.123+05:30  INFO 27016 --- [Health_Gov] [restartedMain] .e.DevToolsPropertyDefaultsPostProcessor : For additional web related logging consider setting the 'logging.level.web' property to 'DEBUG'
2026-03-28T17:14:53.660+05:30  INFO 27016 --- [Health_Gov] [restartedMain] .s.d.r.c.RepositoryConfigurationDelegate : Bootstrapping Spring Data JPA repositories in DEFAULT mode.
2026-03-28T17:14:53.730+05:30  INFO 27016 --- [Health_Gov] [restartedMain] .s.d.r.c.RepositoryConfigurationDelegate : Finished Spring Data repository scanning in 61 ms. Found 6 JPA repository interfaces.
2026-03-28T17:14:54.377+05:30  INFO 27016 --- [Health_Gov] [restartedMain] o.s.boot.tomcat.TomcatWebServer          : Tomcat initialized with port 1111 (http)
2026-03-28T17:14:54.402+05:30  INFO 27016 --- [Health_Gov] [restartedMain] o.apache.catalina.core.StandardService   : Starting service [Tomcat]
2026-03-28T17:14:54.403+05:30  INFO 27016 --- [Health_Gov] [restartedMain] o.apache.catalina.core.StandardEngine    : Starting Servlet engine: [Apache Tomcat/11.0.18]
2026-03-28T17:14:54.469+05:30  INFO 27016 --- [Health_Gov] [restartedMain] b.w.c.s.WebApplicationContextInitializer : Root WebApplicationContext: initialization completed in 2345 ms
2026-03-28T17:14:54.734+05:30  INFO 27016 --- [Health_Gov] [restartedMain] org.hibernate.orm.jpa                    : HHH008540: Processing PersistenceUnitInfo [name: default]
2026-03-28T17:14:54.808+05:30  INFO 27016 --- [Health_Gov] [restartedMain] org.hibernate.orm.core                   : HHH000001: Hibernate ORM core version 7.2.4.Final
2026-03-28T17:14:55.285+05:30  INFO 27016 --- [Health_Gov] [restartedMain] o.s.o.j.p.SpringPersistenceUnitInfo      : No LoadTimeWeaver setup: ignoring JPA class transformer
2026-03-28T17:14:55.327+05:30  INFO 27016 --- [Health_Gov] [restartedMain] com.zaxxer.hikari.HikariDataSource       : HikariPool-1 - Starting...
2026-03-28T17:14:55.768+05:30  INFO 27016 --- [Health_Gov] [restartedMain] com.zaxxer.hikari.pool.HikariPool        : HikariPool-1 - Added connection com.mysql.cj.jdbc.ConnectionImpl@39acfa47
2026-03-28T17:14:55.769+05:30  INFO 27016 --- [Health_Gov] [restartedMain] com.zaxxer.hikari.HikariDataSource       : HikariPool-1 - Start completed.
2026-03-28T17:14:55.860+05:30  WARN 27016 --- [Health_Gov] [restartedMain] org.hibernate.orm.deprecation            : HHH90000025: MySQLDialect does not need to be specified explicitly using 'hibernate.dialect' (remove the property setting and it will be selected by default)
2026-03-28T17:14:55.887+05:30  INFO 27016 --- [Health_Gov] [restartedMain] org.hibernate.orm.connections.pooling    : HHH10001005: Database info:
	Database JDBC URL [jdbc:mysql://localhost:3306/healthgov_db]
	Database driver: MySQL Connector/J
	Database dialect: MySQLDialect
	Database version: 8.0.44
	Default catalog/schema: healthgov_db/undefined
	Autocommit mode: undefined/unknown
	Isolation level: REPEATABLE_READ [default REPEATABLE_READ]
	JDBC fetch size: none
	Pool: DataSourceConnectionProvider
	Minimum pool size: undefined/unknown
	Maximum pool size: undefined/unknown
2026-03-28T17:14:57.173+05:30  INFO 27016 --- [Health_Gov] [restartedMain] org.hibernate.orm.core                   : HHH000489: No JTA platform available (set 'hibernate.transaction.jta.platform' to enable JTA platform integration)
2026-03-28T17:14:57.820+05:30  INFO 27016 --- [Health_Gov] [restartedMain] j.LocalContainerEntityManagerFactoryBean : Initialized JPA EntityManagerFactory for persistence unit 'default'
2026-03-28T17:14:57.898+05:30  INFO 27016 --- [Health_Gov] [restartedMain] o.s.d.j.r.query.QueryEnhancerFactories   : Hibernate is in classpath; If applicable, HQL parser will be used.
2026-03-28T17:14:58.332+05:30  WARN 27016 --- [Health_Gov] [restartedMain] JpaBaseConfiguration$JpaWebConfiguration : spring.jpa.open-in-view is enabled by default. Therefore, database queries may be performed during view rendering. Explicitly configure spring.jpa.open-in-view to disable this warning
2026-03-28T17:14:59.014+05:30  INFO 27016 --- [Health_Gov] [restartedMain] o.s.b.a.e.web.EndpointLinksResolver      : Exposing 13 endpoints beneath base path '/actuator'
2026-03-28T17:14:59.147+05:30  INFO 27016 --- [Health_Gov] [restartedMain] o.s.boot.tomcat.TomcatWebServer          : Tomcat started on port 1111 (http) with context path '/'
2026-03-28T17:14:59.157+05:30  INFO 27016 --- [Health_Gov] [restartedMain] com.healthgov.HealthGovApplication       : Started HealthGovApplication in 7.631 seconds (process running for 8.907)
2026-03-28T17:14:59.167+05:30  WARN 27016 --- [Health_Gov] [restartedMain] o.s.core.events.SpringDocAppInitializer  : SpringDoc /v3/api-docs endpoint is enabled by default. To disable it in production, set the property 'springdoc.api-docs.enabled=false'
2026-03-28T17:14:59.168+05:30  WARN 27016 --- [Health_Gov] [restartedMain] o.s.core.events.SpringDocAppInitializer  : SpringDoc /swagger-ui.html endpoint is enabled by default. To disable it in production, set the property 'springdoc.swagger-ui.enabled=false'
2026-03-28T17:14:59.765+05:30  INFO 27016 --- [Health_Gov] [RMI TCP Connection(10)-127.0.0.1] o.a.c.c.C.[Tomcat].[localhost].[/]       : Initializing Spring DispatcherServlet 'dispatcherServlet'
2026-03-28T17:14:59.765+05:30  INFO 27016 --- [Health_Gov] [RMI TCP Connection(10)-127.0.0.1] o.s.web.servlet.DispatcherServlet        : Initializing Servlet 'dispatcherServlet'
2026-03-28T17:14:59.767+05:30  INFO 27016 --- [Health_Gov] [RMI TCP Connection(10)-127.0.0.1] o.s.web.servlet.DispatcherServlet        : Completed initialization in 1 ms
2026-03-28T17:15:09.132+05:30  INFO 27016 --- [Health_Gov] [http-nio-1111-exec-2] c.h.controller.ComplianceController      : GET /api/v1/compliance-records/PROJECT/201
2026-03-28T17:15:09.150+05:30  INFO 27016 --- [Health_Gov] [http-nio-1111-exec-2] c.h.service.ComplianceServiceImpl        : Validating the compliance type before updatring the status
2026-03-28T17:15:09.151+05:30  INFO 27016 --- [Health_Gov] [http-nio-1111-exec-2] c.h.service.ComplianceServiceImpl        : Validating the Entity ID and It's Type pair in respective table
2026-03-28T17:15:10.654+05:30  INFO 27016 --- [Health_Gov] [http-nio-1111-exec-2] c.h.service.ComplianceServiceImpl        : Executed Get Compliance Record By Id function : com.healthgov.model.ComplianceRecord@4f34e52e
2026-03-28T17:15:32.140+05:30  INFO 27016 --- [Health_Gov] [http-nio-1111-exec-3] c.h.controller.ComplianceController      : POST /api/v1/compliance-records/create type=PROJECT entityId=57
2026-03-28T17:15:32.140+05:30  INFO 27016 --- [Health_Gov] [http-nio-1111-exec-3] c.h.service.ComplianceServiceImpl        : Validating the compliance type before updatring the status
2026-03-28T17:15:32.141+05:30  INFO 27016 --- [Health_Gov] [http-nio-1111-exec-3] c.h.service.ComplianceServiceImpl        : Validating the Entity ID and It's Type pair in respective table
2026-03-28T17:15:32.164+05:30  WARN 27016 --- [Health_Gov] [http-nio-1111-exec-3] .m.m.a.ExceptionHandlerExceptionResolver : Resolved [com.healthgov.exceptions.ResourceNotFoundException: Target not found: PROJECT id=57]
2026-03-28T17:15:53.239+05:30  WARN 27016 --- [Health_Gov] [http-nio-1111-exec-4] .m.m.a.ExceptionHandlerExceptionResolver : Resolved [org.springframework.http.converter.HttpMessageNotReadableException: JSON parse error: Cannot deserialize value of type `com.healthgov.enums.ComplianceType` from String "PROJEC": not one of the values accepted for Enum class: [PROJECT, GRANT, PROGRAM]]
2026-03-28T17:16:08.436+05:30  INFO 27016 --- [Health_Gov] [http-nio-1111-exec-8] c.h.controller.ComplianceController      : POST /api/v1/compliance-records/create type=PROGRAM entityId=57
2026-03-28T17:16:08.436+05:30  INFO 27016 --- [Health_Gov] [http-nio-1111-exec-8] c.h.service.ComplianceServiceImpl        : Validating the compliance type before updatring the status
2026-03-28T17:16:08.436+05:30  INFO 27016 --- [Health_Gov] [http-nio-1111-exec-8] c.h.service.ComplianceServiceImpl        : Validating the Entity ID and It's Type pair in respective table
2026-03-28T17:16:08.491+05:30  WARN 27016 --- [Health_Gov] [http-nio-1111-exec-8] .m.m.a.ExceptionHandlerExceptionResolver : Resolved [com.healthgov.exceptions.ResourceNotFoundException: Target not found: PROGRAM id=57]
2026-03-28T17:16:14.328+05:30  INFO 27016 --- [Health_Gov] [http-nio-1111-exec-9] c.h.controller.ComplianceController      : POST /api/v1/compliance-records/create type=PROGRAM entityId=3
2026-03-28T17:16:14.329+05:30  INFO 27016 --- [Health_Gov] [http-nio-1111-exec-9] c.h.service.ComplianceServiceImpl        : Validating the compliance type before updatring the status
2026-03-28T17:16:14.329+05:30  INFO 27016 --- [Health_Gov] [http-nio-1111-exec-9] c.h.service.ComplianceServiceImpl        : Validating the Entity ID and It's Type pair in respective table
2026-03-28T17:16:14.356+05:30  INFO 27016 --- [Health_Gov] [http-nio-1111-exec-9] c.h.service.ComplianceServiceImpl        : Validating the compliance result based on the enums
2026-03-28T17:16:14.357+05:30  INFO 27016 --- [Health_Gov] [http-nio-1111-exec-9] c.h.service.ComplianceServiceImpl        : Data Validation Invoked
2026-03-28T17:16:14.442+05:30  INFO 27016 --- [Health_Gov] [http-nio-1111-exec-9] c.h.service.ComplianceServiceImpl        : Created ComplianceRecord id=7 type=PROGRAM entityId=3
2026-03-28T17:16:33.037+05:30  INFO 27016 --- [Health_Gov] [http-nio-1111-exec-10] c.healthgov.controller.AuditController   : GET /api/v1/all  Hit .
2026-03-28T17:16:49.689+05:30  INFO 27016 --- [Health_Gov] [http-nio-1111-exec-7] c.healthgov.controller.AuditController   : GET /api/v1/audits/6
2026-03-28T17:16:49.693+05:30  INFO 27016 --- [Health_Gov] [http-nio-1111-exec-7] com.healthgov.service.AuditServiceImpl   : Found Auidt in the Database with ID 6
2026-03-28T17:17:06.870+05:30  INFO 27016 --- [Health_Gov] [http-nio-1111-exec-6] c.healthgov.controller.AuditController   : GET /api/v1/byOfficer/id request Hit for Id : 13
